<?xml version="1.0"?>
<link_info>
   <banner>MSP430 Linker PC v15.12.3.LTS</banner>
   <copyright>Copyright (c) 2003-2015 Texas Instruments Incorporated</copyright>
   <link_time>0x587380fc</link_time>
   <link_errors>0x0</link_errors>
   <output_file>Port_config.out</output_file>
   <entry_point>
      <name>_c_int00_noargs_noexit</name>
      <address>0x80b6</address>
   </entry_point>
   <input_file_list>
      <input_file id="fl-2">
         <path>.\</path>
         <kind>object</kind>
         <file>main.obj</file>
         <name>main.obj</name>
      </input_file>
      <input_file id="fl-3">
         <path>.\AL\</path>
         <kind>object</kind>
         <file>interp.obj</file>
         <name>interp.obj</name>
      </input_file>
      <input_file id="fl-4">
         <path>.\Driver\</path>
         <kind>object</kind>
         <file>driver_aktorik.obj</file>
         <name>driver_aktorik.obj</name>
      </input_file>
      <input_file id="fl-5">
         <path>.\Driver\</path>
         <kind>object</kind>
         <file>driver_general.obj</file>
         <name>driver_general.obj</name>
      </input_file>
      <input_file id="fl-6">
         <path>.\Driver\</path>
         <kind>object</kind>
         <file>driver_lcd.obj</file>
         <name>driver_lcd.obj</name>
      </input_file>
      <input_file id="fl-7">
         <path>.\HAL\</path>
         <kind>object</kind>
         <file>Interrupts.obj</file>
         <name>Interrupts.obj</name>
      </input_file>
      <input_file id="fl-8">
         <path>.\HAL\</path>
         <kind>object</kind>
         <file>hal_adc12.obj</file>
         <name>hal_adc12.obj</name>
      </input_file>
      <input_file id="fl-9">
         <path>.\HAL\</path>
         <kind>object</kind>
         <file>hal_dma.obj</file>
         <name>hal_dma.obj</name>
      </input_file>
      <input_file id="fl-a">
         <path>.\HAL\</path>
         <kind>object</kind>
         <file>hal_general.obj</file>
         <name>hal_general.obj</name>
      </input_file>
      <input_file id="fl-b">
         <path>.\HAL\</path>
         <kind>object</kind>
         <file>hal_gpio.obj</file>
         <name>hal_gpio.obj</name>
      </input_file>
      <input_file id="fl-c">
         <path>.\HAL\</path>
         <kind>object</kind>
         <file>hal_pmm.obj</file>
         <name>hal_pmm.obj</name>
      </input_file>
      <input_file id="fl-d">
         <path>.\HAL\</path>
         <kind>object</kind>
         <file>hal_timerA1.obj</file>
         <name>hal_timerA1.obj</name>
      </input_file>
      <input_file id="fl-e">
         <path>.\HAL\</path>
         <kind>object</kind>
         <file>hal_timerB0.obj</file>
         <name>hal_timerB0.obj</name>
      </input_file>
      <input_file id="fl-f">
         <path>.\HAL\</path>
         <kind>object</kind>
         <file>hal_usc.obj</file>
         <name>hal_usc.obj</name>
      </input_file>
      <input_file id="fl-10">
         <path>.\HAL\</path>
         <kind>object</kind>
         <file>hal_usciB1.obj</file>
         <name>hal_usciB1.obj</name>
      </input_file>
      <input_file id="fl-11">
         <path>.\HAL\</path>
         <kind>object</kind>
         <file>hal_wdt.obj</file>
         <name>hal_wdt.obj</name>
      </input_file>
      <input_file id="fl-32">
         <path>C:\ti\ccsv6\tools\compiler\msp430_15.12.3.LTS\lib\</path>
         <kind>archive</kind>
         <file>rts430x_lc_rd_eabi.lib</file>
         <name>boot.obj</name>
      </input_file>
      <input_file id="fl-33">
         <path>C:\ti\ccsv6\tools\compiler\msp430_15.12.3.LTS\lib\</path>
         <kind>archive</kind>
         <file>rts430x_lc_rd_eabi.lib</file>
         <name>boot_special.obj</name>
      </input_file>
      <input_file id="fl-34">
         <path>C:\ti\ccsv6\tools\compiler\msp430_15.12.3.LTS\lib\</path>
         <kind>archive</kind>
         <file>rts430x_lc_rd_eabi.lib</file>
         <name>copy_decompress_none.obj</name>
      </input_file>
      <input_file id="fl-35">
         <path>C:\ti\ccsv6\tools\compiler\msp430_15.12.3.LTS\lib\</path>
         <kind>archive</kind>
         <file>rts430x_lc_rd_eabi.lib</file>
         <name>copy_decompress_rle.obj</name>
      </input_file>
      <input_file id="fl-36">
         <path>C:\ti\ccsv6\tools\compiler\msp430_15.12.3.LTS\lib\</path>
         <kind>archive</kind>
         <file>rts430x_lc_rd_eabi.lib</file>
         <name>copy_zero_init.obj</name>
      </input_file>
      <input_file id="fl-37">
         <path>C:\ti\ccsv6\tools\compiler\msp430_15.12.3.LTS\lib\</path>
         <kind>archive</kind>
         <file>rts430x_lc_rd_eabi.lib</file>
         <name>div16u.obj</name>
      </input_file>
      <input_file id="fl-38">
         <path>C:\ti\ccsv6\tools\compiler\msp430_15.12.3.LTS\lib\</path>
         <kind>archive</kind>
         <file>rts430x_lc_rd_eabi.lib</file>
         <name>exit.obj</name>
      </input_file>
      <input_file id="fl-39">
         <path>C:\ti\ccsv6\tools\compiler\msp430_15.12.3.LTS\lib\</path>
         <kind>archive</kind>
         <file>rts430x_lc_rd_eabi.lib</file>
         <name>exit_gvars.obj</name>
      </input_file>
      <input_file id="fl-3a">
         <path>C:\ti\ccsv6\tools\compiler\msp430_15.12.3.LTS\lib\</path>
         <kind>archive</kind>
         <file>rts430x_lc_rd_eabi.lib</file>
         <name>fs_add.obj</name>
      </input_file>
      <input_file id="fl-3b">
         <path>C:\ti\ccsv6\tools\compiler\msp430_15.12.3.LTS\lib\</path>
         <kind>archive</kind>
         <file>rts430x_lc_rd_eabi.lib</file>
         <name>fs_div.obj</name>
      </input_file>
      <input_file id="fl-3c">
         <path>C:\ti\ccsv6\tools\compiler\msp430_15.12.3.LTS\lib\</path>
         <kind>archive</kind>
         <file>rts430x_lc_rd_eabi.lib</file>
         <name>fs_itof.obj</name>
      </input_file>
      <input_file id="fl-3d">
         <path>C:\ti\ccsv6\tools\compiler\msp430_15.12.3.LTS\lib\</path>
         <kind>archive</kind>
         <file>rts430x_lc_rd_eabi.lib</file>
         <name>fs_mpy.obj</name>
      </input_file>
      <input_file id="fl-3e">
         <path>C:\ti\ccsv6\tools\compiler\msp430_15.12.3.LTS\lib\</path>
         <kind>archive</kind>
         <file>rts430x_lc_rd_eabi.lib</file>
         <name>fs_toi.obj</name>
      </input_file>
      <input_file id="fl-3f">
         <path>C:\ti\ccsv6\tools\compiler\msp430_15.12.3.LTS\lib\</path>
         <kind>archive</kind>
         <file>rts430x_lc_rd_eabi.lib</file>
         <name>int37.obj</name>
      </input_file>
      <input_file id="fl-40">
         <path>C:\ti\ccsv6\tools\compiler\msp430_15.12.3.LTS\lib\</path>
         <kind>archive</kind>
         <file>rts430x_lc_rd_eabi.lib</file>
         <name>int38.obj</name>
      </input_file>
      <input_file id="fl-41">
         <path>C:\ti\ccsv6\tools\compiler\msp430_15.12.3.LTS\lib\</path>
         <kind>archive</kind>
         <file>rts430x_lc_rd_eabi.lib</file>
         <name>int39.obj</name>
      </input_file>
      <input_file id="fl-42">
         <path>C:\ti\ccsv6\tools\compiler\msp430_15.12.3.LTS\lib\</path>
         <kind>archive</kind>
         <file>rts430x_lc_rd_eabi.lib</file>
         <name>int40.obj</name>
      </input_file>
      <input_file id="fl-43">
         <path>C:\ti\ccsv6\tools\compiler\msp430_15.12.3.LTS\lib\</path>
         <kind>archive</kind>
         <file>rts430x_lc_rd_eabi.lib</file>
         <name>int42.obj</name>
      </input_file>
      <input_file id="fl-44">
         <path>C:\ti\ccsv6\tools\compiler\msp430_15.12.3.LTS\lib\</path>
         <kind>archive</kind>
         <file>rts430x_lc_rd_eabi.lib</file>
         <name>int44.obj</name>
      </input_file>
      <input_file id="fl-45">
         <path>C:\ti\ccsv6\tools\compiler\msp430_15.12.3.LTS\lib\</path>
         <kind>archive</kind>
         <file>rts430x_lc_rd_eabi.lib</file>
         <name>int46.obj</name>
      </input_file>
      <input_file id="fl-46">
         <path>C:\ti\ccsv6\tools\compiler\msp430_15.12.3.LTS\lib\</path>
         <kind>archive</kind>
         <file>rts430x_lc_rd_eabi.lib</file>
         <name>int48.obj</name>
      </input_file>
      <input_file id="fl-47">
         <path>C:\ti\ccsv6\tools\compiler\msp430_15.12.3.LTS\lib\</path>
         <kind>archive</kind>
         <file>rts430x_lc_rd_eabi.lib</file>
         <name>int51.obj</name>
      </input_file>
      <input_file id="fl-48">
         <path>C:\ti\ccsv6\tools\compiler\msp430_15.12.3.LTS\lib\</path>
         <kind>archive</kind>
         <file>rts430x_lc_rd_eabi.lib</file>
         <name>int52.obj</name>
      </input_file>
      <input_file id="fl-49">
         <path>C:\ti\ccsv6\tools\compiler\msp430_15.12.3.LTS\lib\</path>
         <kind>archive</kind>
         <file>rts430x_lc_rd_eabi.lib</file>
         <name>int53.obj</name>
      </input_file>
      <input_file id="fl-4a">
         <path>C:\ti\ccsv6\tools\compiler\msp430_15.12.3.LTS\lib\</path>
         <kind>archive</kind>
         <file>rts430x_lc_rd_eabi.lib</file>
         <name>int54.obj</name>
      </input_file>
      <input_file id="fl-4b">
         <path>C:\ti\ccsv6\tools\compiler\msp430_15.12.3.LTS\lib\</path>
         <kind>archive</kind>
         <file>rts430x_lc_rd_eabi.lib</file>
         <name>int55.obj</name>
      </input_file>
      <input_file id="fl-4c">
         <path>C:\ti\ccsv6\tools\compiler\msp430_15.12.3.LTS\lib\</path>
         <kind>archive</kind>
         <file>rts430x_lc_rd_eabi.lib</file>
         <name>int56.obj</name>
      </input_file>
      <input_file id="fl-4d">
         <path>C:\ti\ccsv6\tools\compiler\msp430_15.12.3.LTS\lib\</path>
         <kind>archive</kind>
         <file>rts430x_lc_rd_eabi.lib</file>
         <name>int57.obj</name>
      </input_file>
      <input_file id="fl-4e">
         <path>C:\ti\ccsv6\tools\compiler\msp430_15.12.3.LTS\lib\</path>
         <kind>archive</kind>
         <file>rts430x_lc_rd_eabi.lib</file>
         <name>int58.obj</name>
      </input_file>
      <input_file id="fl-4f">
         <path>C:\ti\ccsv6\tools\compiler\msp430_15.12.3.LTS\lib\</path>
         <kind>archive</kind>
         <file>rts430x_lc_rd_eabi.lib</file>
         <name>int60.obj</name>
      </input_file>
      <input_file id="fl-50">
         <path>C:\ti\ccsv6\tools\compiler\msp430_15.12.3.LTS\lib\</path>
         <kind>archive</kind>
         <file>rts430x_lc_rd_eabi.lib</file>
         <name>int61.obj</name>
      </input_file>
      <input_file id="fl-51">
         <path>C:\ti\ccsv6\tools\compiler\msp430_15.12.3.LTS\lib\</path>
         <kind>archive</kind>
         <file>rts430x_lc_rd_eabi.lib</file>
         <name>int62.obj</name>
      </input_file>
      <input_file id="fl-52">
         <path>C:\ti\ccsv6\tools\compiler\msp430_15.12.3.LTS\lib\</path>
         <kind>archive</kind>
         <file>rts430x_lc_rd_eabi.lib</file>
         <name>isr_trap.obj</name>
      </input_file>
      <input_file id="fl-53">
         <path>C:\ti\ccsv6\tools\compiler\msp430_15.12.3.LTS\lib\</path>
         <kind>archive</kind>
         <file>rts430x_lc_rd_eabi.lib</file>
         <name>memcpy.obj</name>
      </input_file>
      <input_file id="fl-54">
         <path>C:\ti\ccsv6\tools\compiler\msp430_15.12.3.LTS\lib\</path>
         <kind>archive</kind>
         <file>rts430x_lc_rd_eabi.lib</file>
         <name>memset.obj</name>
      </input_file>
      <input_file id="fl-55">
         <path>C:\ti\ccsv6\tools\compiler\msp430_15.12.3.LTS\lib\</path>
         <kind>archive</kind>
         <file>rts430x_lc_rd_eabi.lib</file>
         <name>mpu_init.obj</name>
      </input_file>
      <input_file id="fl-56">
         <path>C:\ti\ccsv6\tools\compiler\msp430_15.12.3.LTS\lib\</path>
         <kind>archive</kind>
         <file>rts430x_lc_rd_eabi.lib</file>
         <name>mult16.obj</name>
      </input_file>
      <input_file id="fl-57">
         <path>C:\ti\ccsv6\tools\compiler\msp430_15.12.3.LTS\lib\</path>
         <kind>archive</kind>
         <file>rts430x_lc_rd_eabi.lib</file>
         <name>mult1632_f5hw.obj</name>
      </input_file>
      <input_file id="fl-58">
         <path>C:\ti\ccsv6\tools\compiler\msp430_15.12.3.LTS\lib\</path>
         <kind>archive</kind>
         <file>rts430x_lc_rd_eabi.lib</file>
         <name>mult16_f5hw.obj</name>
      </input_file>
      <input_file id="fl-59">
         <path>C:\ti\ccsv6\tools\compiler\msp430_15.12.3.LTS\lib\</path>
         <kind>archive</kind>
         <file>rts430x_lc_rd_eabi.lib</file>
         <name>mult3264_f5hw.obj</name>
      </input_file>
      <input_file id="fl-5a">
         <path>C:\ti\ccsv6\tools\compiler\msp430_15.12.3.LTS\lib\</path>
         <kind>archive</kind>
         <file>rts430x_lc_rd_eabi.lib</file>
         <name>mult32_f5hw.obj</name>
      </input_file>
      <input_file id="fl-5b">
         <path>C:\ti\ccsv6\tools\compiler\msp430_15.12.3.LTS\lib\</path>
         <kind>archive</kind>
         <file>rts430x_lc_rd_eabi.lib</file>
         <name>mult64_f5hw.obj</name>
      </input_file>
      <input_file id="fl-5c">
         <path>C:\ti\ccsv6\tools\compiler\msp430_15.12.3.LTS\lib\</path>
         <kind>archive</kind>
         <file>rts430x_lc_rd_eabi.lib</file>
         <name>pre_init.obj</name>
      </input_file>
      <input_file id="fl-5d">
         <path>C:\ti\ccsv6\tools\compiler\msp430_15.12.3.LTS\lib\</path>
         <kind>archive</kind>
         <file>rts430x_lc_rd_eabi.lib</file>
         <name>_lock.obj</name>
      </input_file>
      <input_file id="fl-5e">
         <path>C:\ti\ccsv6\tools\compiler\msp430_15.12.3.LTS\lib\</path>
         <kind>archive</kind>
         <file>rts430x_lc_rd_eabi.lib</file>
         <name>args_main.obj</name>
      </input_file>
      <input_file id="fl-5f">
         <path>C:\ti\ccsv6\tools\compiler\msp430_15.12.3.LTS\lib\</path>
         <kind>archive</kind>
         <file>rts430x_lc_rd_eabi.lib</file>
         <name>autoinit_wdt.obj</name>
      </input_file>
      <input_file id="fl-60">
         <path>C:\ti\ccsv6\tools\compiler\msp430_15.12.3.LTS\lib\</path>
         <kind>archive</kind>
         <file>rts430x_lc_rd_eabi.lib</file>
         <name>cpy_tbl.obj</name>
      </input_file>
      <input_file id="fl-61">
         <path>C:\ti\ccsv6\tools\compiler\msp430_15.12.3.LTS\lib\</path>
         <kind>archive</kind>
         <file>rts430x_lc_rd_eabi.lib</file>
         <name>startup.obj</name>
      </input_file>
   </input_file_list>
   <object_component_list>
      <object_component id="oc-48a">
         <name>.common:AbstandRechts</name>
         <uninitialized>true</uninitialized>
         <run_address>0x1e0e</run_address>
         <size>0x4</size>
      </object_component>
      <object_component id="oc-495">
         <name>.common:AbstandLinks</name>
         <uninitialized>true</uninitialized>
         <run_address>0x1e12</run_address>
         <size>0x2</size>
      </object_component>
      <object_component id="oc-42c">
         <name>.common:Buttons</name>
         <uninitialized>true</uninitialized>
         <run_address>0x1e14</run_address>
         <size>0x2</size>
      </object_component>
      <object_component id="oc-434">
         <name>.common:ADC1</name>
         <uninitialized>true</uninitialized>
         <run_address>0x1e04</run_address>
         <size>0xa</size>
      </object_component>
      <object_component id="oc-428">
         <name>.common:SpiCom</name>
         <uninitialized>true</uninitialized>
         <run_address>0x1c00</run_address>
         <size>0x204</size>
      </object_component>
      <object_component id="oc-481">
         <name>.data:Values_side</name>
         <load_address>0x1e6a</load_address>
         <run_address>0x1e6a</run_address>
         <size>0x2a</size>
         <input_file_ref idref="fl-2"/>
      </object_component>
      <object_component id="oc-47e">
         <name>.data:Bit_right</name>
         <load_address>0x1e40</load_address>
         <run_address>0x1e40</run_address>
         <size>0x2a</size>
         <input_file_ref idref="fl-2"/>
      </object_component>
      <object_component id="oc-48d">
         <name>.data:Bit_left</name>
         <load_address>0x1e16</load_address>
         <run_address>0x1e16</run_address>
         <size>0x2a</size>
         <input_file_ref idref="fl-2"/>
      </object_component>
      <object_component id="oc-475">
         <name>.data</name>
         <load_address>0x1eb0</load_address>
         <run_address>0x1eb0</run_address>
         <size>0x4</size>
         <input_file_ref idref="fl-2"/>
      </object_component>
      <object_component id="oc-53d">
         <name>.data</name>
         <load_address>0x1e94</load_address>
         <run_address>0x1e94</run_address>
         <size>0xa</size>
         <input_file_ref idref="fl-4"/>
      </object_component>
      <object_component id="oc-5a3">
         <name>.data:Init2Arr</name>
         <load_address>0x1e9e</load_address>
         <run_address>0x1e9e</run_address>
         <size>0x9</size>
         <input_file_ref idref="fl-6"/>
      </object_component>
      <object_component id="oc-430">
         <name>.data</name>
         <load_address>0x1ea8</load_address>
         <run_address>0x1ea8</run_address>
         <size>0x8</size>
         <input_file_ref idref="fl-7"/>
      </object_component>
      <object_component id="oc-393">
         <name>.stack</name>
         <uninitialized>true</uninitialized>
         <run_address>0x6360</run_address>
         <size>0x4</size>
         <input_file_ref idref="fl-32"/>
      </object_component>
      <object_component id="oc-65a">
         <name>.stack</name>
         <uninitialized>true</uninitialized>
         <run_address>0x6360</run_address>
         <size>0x0</size>
      </object_component>
      <object_component id="oc-3fb">
         <name>.text:main</name>
         <load_address>0x10000</load_address>
         <run_address>0x10000</run_address>
         <size>0x1fe</size>
         <input_file_ref idref="fl-2"/>
      </object_component>
      <object_component id="oc-54b">
         <name>.text:interpsearchindex</name>
         <load_address>0x101fe</load_address>
         <run_address>0x101fe</run_address>
         <size>0x148</size>
         <input_file_ref idref="fl-3"/>
      </object_component>
      <object_component id="oc-560">
         <name>.text</name>
         <load_address>0x10346</load_address>
         <run_address>0x10346</run_address>
         <size>0x132</size>
         <input_file_ref idref="fl-3a"/>
      </object_component>
      <object_component id="oc-49d">
         <name>.text:Driver_LCD_WriteUInt</name>
         <load_address>0x10478</load_address>
         <run_address>0x10478</run_address>
         <size>0xfa</size>
         <input_file_ref idref="fl-6"/>
      </object_component>
      <object_component id="oc-57e">
         <name>.text:itoa</name>
         <load_address>0x10572</load_address>
         <run_address>0x10572</run_address>
         <size>0xea</size>
         <input_file_ref idref="fl-6"/>
      </object_component>
      <object_component id="oc-5d3">
         <name>.text:HAL_PMM_SetVCoreUp</name>
         <load_address>0x1065c</load_address>
         <run_address>0x1065c</run_address>
         <size>0xe6</size>
         <input_file_ref idref="fl-c"/>
      </object_component>
      <object_component id="oc-505">
         <name>.text:HAL_GPIO_Init</name>
         <load_address>0x10742</load_address>
         <run_address>0x10742</run_address>
         <size>0xe4</size>
         <input_file_ref idref="fl-b"/>
      </object_component>
      <object_component id="oc-484">
         <name>.text:interp</name>
         <load_address>0x10826</load_address>
         <run_address>0x10826</run_address>
         <size>0xde</size>
         <input_file_ref idref="fl-3"/>
      </object_component>
      <object_component id="oc-55b">
         <name>.text</name>
         <load_address>0x10904</load_address>
         <run_address>0x10904</run_address>
         <size>0xb8</size>
         <input_file_ref idref="fl-3d"/>
      </object_component>
      <object_component id="oc-497">
         <name>.text:Driver_LCD_WriteString</name>
         <load_address>0x109bc</load_address>
         <run_address>0x109bc</run_address>
         <size>0xb6</size>
         <input_file_ref idref="fl-6"/>
      </object_component>
      <object_component id="oc-5d9">
         <name>.text:HAL_PMM_SetVCoreDown</name>
         <load_address>0x10a72</load_address>
         <run_address>0x10a72</run_address>
         <size>0xb4</size>
         <input_file_ref idref="fl-c"/>
      </object_component>
      <object_component id="oc-5ac">
         <name>.text:Driver_LCD_Clear</name>
         <load_address>0x10b26</load_address>
         <run_address>0x10b26</run_address>
         <size>0xa8</size>
         <input_file_ref idref="fl-6"/>
      </object_component>
      <object_component id="oc-556">
         <name>.text</name>
         <load_address>0x10bce</load_address>
         <run_address>0x10bce</run_address>
         <size>0x90</size>
         <input_file_ref idref="fl-3b"/>
      </object_component>
      <object_component id="oc-478">
         <name>.text:Driver_SetSteering</name>
         <load_address>0x10c5e</load_address>
         <run_address>0x10c5e</run_address>
         <size>0x8a</size>
         <input_file_ref idref="fl-4"/>
      </object_component>
      <object_component id="oc-3e1">
         <name>.text:_auto_init_hold_wdt</name>
         <load_address>0x10ce8</load_address>
         <run_address>0x10ce8</run_address>
         <size>0x82</size>
         <input_file_ref idref="fl-5f"/>
      </object_component>
      <object_component id="oc-5a6">
         <name>.text:Driver_LCD_WriteCommand</name>
         <load_address>0x10d6a</load_address>
         <run_address>0x10d6a</run_address>
         <size>0x76</size>
         <input_file_ref idref="fl-6"/>
      </object_component>
      <object_component id="oc-595">
         <name>.text:HAL_PMM_SetVCore</name>
         <load_address>0x10de0</load_address>
         <run_address>0x10de0</run_address>
         <size>0x6a</size>
         <input_file_ref idref="fl-c"/>
      </object_component>
      <object_component id="oc-3a4">
         <name>.text:__TI_decompress_rle_core</name>
         <load_address>0x10e4a</load_address>
         <run_address>0x10e4a</run_address>
         <size>0x68</size>
         <input_file_ref idref="fl-35"/>
      </object_component>
      <object_component id="oc-490">
         <name>.text</name>
         <load_address>0x10eb2</load_address>
         <run_address>0x10eb2</run_address>
         <size>0x68</size>
         <input_file_ref idref="fl-3e"/>
      </object_component>
      <object_component id="oc-43c">
         <name>.text:copy_in</name>
         <load_address>0x10f1a</load_address>
         <run_address>0x10f1a</run_address>
         <size>0x66</size>
         <input_file_ref idref="fl-60"/>
      </object_component>
      <object_component id="oc-56d">
         <name>.text:Driver_LCD_SetPosition</name>
         <load_address>0x10f80</load_address>
         <run_address>0x10f80</run_address>
         <size>0x50</size>
         <input_file_ref idref="fl-6"/>
      </object_component>
      <object_component id="oc-536">
         <name>.text:Driver_ESCInit</name>
         <load_address>0x10fd0</load_address>
         <run_address>0x10fd0</run_address>
         <size>0x48</size>
         <input_file_ref idref="fl-4"/>
      </object_component>
      <object_component id="oc-4a3">
         <name>.text:Driver_SetBack</name>
         <load_address>0x11018</load_address>
         <run_address>0x11018</run_address>
         <size>0x42</size>
         <input_file_ref idref="fl-4"/>
      </object_component>
      <object_component id="oc-46f">
         <name>.text:Driver_SetThrottle</name>
         <load_address>0x1105a</load_address>
         <run_address>0x1105a</run_address>
         <size>0x42</size>
         <input_file_ref idref="fl-4"/>
      </object_component>
      <object_component id="oc-517">
         <name>.text:HAL_TimerA1_Init</name>
         <load_address>0x1109c</load_address>
         <run_address>0x1109c</run_address>
         <size>0x3a</size>
         <input_file_ref idref="fl-d"/>
      </object_component>
      <object_component id="oc-50b">
         <name>.text:HAL_UCS_Init</name>
         <load_address>0x110d6</load_address>
         <run_address>0x110d6</run_address>
         <size>0x36</size>
         <input_file_ref idref="fl-f"/>
      </object_component>
      <object_component id="oc-551">
         <name>.text</name>
         <load_address>0x1110c</load_address>
         <run_address>0x1110c</run_address>
         <size>0x36</size>
         <input_file_ref idref="fl-3c"/>
      </object_component>
      <object_component id="oc-530">
         <name>.text:Driver_LCD_Init</name>
         <load_address>0x11142</load_address>
         <run_address>0x11142</run_address>
         <size>0x32</size>
         <input_file_ref idref="fl-6"/>
      </object_component>
      <object_component id="oc-529">
         <name>.text:HAL_DMA_Init</name>
         <load_address>0x11174</load_address>
         <run_address>0x11174</run_address>
         <size>0x32</size>
         <input_file_ref idref="fl-9"/>
      </object_component>
      <object_component id="oc-4f3">
         <name>.text:HAL_Adc_init</name>
         <load_address>0x111a6</load_address>
         <run_address>0x111a6</run_address>
         <size>0x2c</size>
         <input_file_ref idref="fl-8"/>
      </object_component>
      <object_component id="oc-51d">
         <name>.text:HAL_USCIB1_Init</name>
         <load_address>0x111d2</load_address>
         <run_address>0x111d2</run_address>
         <size>0x2c</size>
         <input_file_ref idref="fl-10"/>
      </object_component>
      <object_component id="oc-5b3">
         <name>.text:Driver_PWMInit</name>
         <load_address>0x111fe</load_address>
         <run_address>0x111fe</run_address>
         <size>0x2a</size>
         <input_file_ref idref="fl-4"/>
      </object_component>
      <object_component id="oc-463">
         <name>.text:HAL_Init</name>
         <load_address>0x11228</load_address>
         <run_address>0x11228</run_address>
         <size>0x2a</size>
         <input_file_ref idref="fl-a"/>
      </object_component>
      <object_component id="oc-511">
         <name>.text:HAL_TimerB0_Init</name>
         <load_address>0x11252</load_address>
         <run_address>0x11252</run_address>
         <size>0x28</size>
         <input_file_ref idref="fl-e"/>
      </object_component>
      <object_component id="oc-523">
         <name>.text:HAL_USCIB1_Transmit</name>
         <load_address>0x1127a</load_address>
         <run_address>0x1127a</run_address>
         <size>0x1e</size>
         <input_file_ref idref="fl-10"/>
      </object_component>
      <object_component id="oc-4c4">
         <name>.text</name>
         <load_address>0x11298</load_address>
         <run_address>0x11298</run_address>
         <size>0x18</size>
         <input_file_ref idref="fl-58"/>
      </object_component>
      <object_component id="oc-578">
         <name>.text:memset</name>
         <load_address>0x112b0</load_address>
         <run_address>0x112b0</run_address>
         <size>0x16</size>
         <input_file_ref idref="fl-54"/>
      </object_component>
      <object_component id="oc-5cc">
         <name>.text</name>
         <load_address>0x112c6</load_address>
         <run_address>0x112c6</run_address>
         <size>0x16</size>
         <input_file_ref idref="fl-37"/>
      </object_component>
      <object_component id="oc-397">
         <name>.text:memcpy</name>
         <load_address>0x112dc</load_address>
         <run_address>0x112dc</run_address>
         <size>0x14</size>
         <input_file_ref idref="fl-53"/>
      </object_component>
      <object_component id="oc-4ff">
         <name>.text:HAL_PMM_Init</name>
         <load_address>0x112f0</load_address>
         <run_address>0x112f0</run_address>
         <size>0x12</size>
         <input_file_ref idref="fl-c"/>
      </object_component>
      <object_component id="oc-6f">
         <name>.text:decompress:none:__TI_decompress_none</name>
         <load_address>0x11302</load_address>
         <run_address>0x11302</run_address>
         <size>0x12</size>
         <input_file_ref idref="fl-34"/>
      </object_component>
      <object_component id="oc-469">
         <name>.text:Driver_Init</name>
         <load_address>0x11314</load_address>
         <run_address>0x11314</run_address>
         <size>0x10</size>
         <input_file_ref idref="fl-5"/>
      </object_component>
      <object_component id="oc-4f9">
         <name>.text:HAL_Wdt_Init</name>
         <load_address>0x11324</load_address>
         <run_address>0x11324</run_address>
         <size>0x8</size>
         <input_file_ref idref="fl-11"/>
      </object_component>
      <object_component id="oc-403">
         <name>.text:abort</name>
         <load_address>0x1132c</load_address>
         <run_address>0x1132c</run_address>
         <size>0x6</size>
         <input_file_ref idref="fl-38"/>
      </object_component>
      <object_component id="oc-75">
         <name>.text:decompress:rle24:__TI_decompress_rle24</name>
         <load_address>0x11332</load_address>
         <run_address>0x11332</run_address>
         <size>0x6</size>
         <input_file_ref idref="fl-35"/>
      </object_component>
      <object_component id="oc-3db">
         <name>.text:_system_pre_init</name>
         <load_address>0x11338</load_address>
         <run_address>0x11338</run_address>
         <size>0x4</size>
         <input_file_ref idref="fl-5c"/>
      </object_component>
      <object_component id="oc-442">
         <name>.text:_system_post_cinit</name>
         <load_address>0x1133c</load_address>
         <run_address>0x1133c</run_address>
         <size>0x2</size>
         <input_file_ref idref="fl-61"/>
      </object_component>
      <object_component id="oc-3b6">
         <name>.text:_isr:USCB_ISR</name>
         <load_address>0x8000</load_address>
         <run_address>0x8000</run_address>
         <size>0x4e</size>
         <input_file_ref idref="fl-7"/>
      </object_component>
      <object_component id="oc-3bc">
         <name>.text:_isr:PORT1_ISR</name>
         <load_address>0x804e</load_address>
         <run_address>0x804e</run_address>
         <size>0x38</size>
         <input_file_ref idref="fl-7"/>
      </object_component>
      <object_component id="oc-3ce">
         <name>.text:_isr:TIMERB_ISR</name>
         <load_address>0x8086</load_address>
         <run_address>0x8086</run_address>
         <size>0x30</size>
         <input_file_ref idref="fl-7"/>
      </object_component>
      <object_component id="oc-b1">
         <name>.text:_isr:_c_int00_noargs_noexit</name>
         <load_address>0x80b6</load_address>
         <run_address>0x80b6</run_address>
         <size>0x1a</size>
         <input_file_ref idref="fl-33"/>
      </object_component>
      <object_component id="oc-3c8">
         <name>.text:_isr:DMA_ISR</name>
         <load_address>0x80d0</load_address>
         <run_address>0x80d0</run_address>
         <size>0x16</size>
         <input_file_ref idref="fl-7"/>
      </object_component>
      <object_component id="oc-3c2">
         <name>.text:_isr:TIMERA_ISR</name>
         <load_address>0x80e6</load_address>
         <run_address>0x80e6</run_address>
         <size>0xe</size>
         <input_file_ref idref="fl-7"/>
      </object_component>
      <object_component id="oc-3b1">
         <name>.text:_isr:__TI_ISR_TRAP</name>
         <load_address>0x80f4</load_address>
         <run_address>0x80f4</run_address>
         <size>0x8</size>
         <input_file_ref idref="fl-52"/>
      </object_component>
      <object_component id="oc-659">
         <name>.cinit..data.load</name>
         <load_address>0x83a4</load_address>
         <run_address>0x83a4</run_address>
         <size>0x98</size>
      </object_component>
      <object_component id="oc-658">
         <name>.cinit..bss.load</name>
         <load_address>0x843c</load_address>
         <run_address>0x843c</run_address>
         <size>0xb</size>
      </object_component>
      <object_component id="oc-656">
         <name>__TI_handler_table</name>
         <load_address>0x8448</load_address>
         <run_address>0x8448</run_address>
         <size>0x8</size>
      </object_component>
      <object_component id="oc-657">
         <name>__TI_cinit_table</name>
         <load_address>0x8450</load_address>
         <run_address>0x8450</run_address>
         <size>0x10</size>
      </object_component>
      <object_component id="oc-573">
         <name>.const:font</name>
         <load_address>0x80fc</load_address>
         <run_address>0x80fc</run_address>
         <size>0x23a</size>
         <input_file_ref idref="fl-6"/>
      </object_component>
      <object_component id="oc-5d1">
         <name>.const:.string</name>
         <load_address>0x8336</load_address>
         <run_address>0x8336</run_address>
         <size>0x48</size>
         <input_file_ref idref="fl-6"/>
      </object_component>
      <object_component id="oc-496">
         <name>.const:.string</name>
         <load_address>0x837e</load_address>
         <run_address>0x837e</run_address>
         <size>0x20</size>
         <input_file_ref idref="fl-2"/>
      </object_component>
      <object_component id="oc-5e3">
         <name>.const:.string:$P$T0$1</name>
         <load_address>0x839e</load_address>
         <run_address>0x839e</run_address>
         <size>0x5</size>
         <input_file_ref idref="fl-6"/>
      </object_component>
      <object_component id="oc-5f0">
         <name>.binit</name>
         <load_address>0x8000</load_address>
         <run_address>0x8000</run_address>
         <size>0x0</size>
      </object_component>
      <object_component id="oc-7b">
         <name>.int37</name>
         <load_address>0xffca</load_address>
         <run_address>0xffca</run_address>
         <size>0x2</size>
         <input_file_ref idref="fl-3f"/>
      </object_component>
      <object_component id="oc-7c">
         <name>.int38</name>
         <load_address>0xffcc</load_address>
         <run_address>0xffcc</run_address>
         <size>0x2</size>
         <input_file_ref idref="fl-40"/>
      </object_component>
      <object_component id="oc-7d">
         <name>.int39</name>
         <load_address>0xffce</load_address>
         <run_address>0xffce</run_address>
         <size>0x2</size>
         <input_file_ref idref="fl-41"/>
      </object_component>
      <object_component id="oc-7e">
         <name>.int40</name>
         <load_address>0xffd0</load_address>
         <run_address>0xffd0</run_address>
         <size>0x2</size>
         <input_file_ref idref="fl-42"/>
      </object_component>
      <object_component id="oc-7f">
         <name>.int42</name>
         <load_address>0xffd4</load_address>
         <run_address>0xffd4</run_address>
         <size>0x2</size>
         <input_file_ref idref="fl-43"/>
      </object_component>
      <object_component id="oc-80">
         <name>.int44</name>
         <load_address>0xffd8</load_address>
         <run_address>0xffd8</run_address>
         <size>0x2</size>
         <input_file_ref idref="fl-44"/>
      </object_component>
      <object_component id="oc-81">
         <name>.int45</name>
         <load_address>0xffda</load_address>
         <run_address>0xffda</run_address>
         <size>0x2</size>
         <input_file_ref idref="fl-7"/>
      </object_component>
      <object_component id="oc-82">
         <name>.int46</name>
         <load_address>0xffdc</load_address>
         <run_address>0xffdc</run_address>
         <size>0x2</size>
         <input_file_ref idref="fl-45"/>
      </object_component>
      <object_component id="oc-83">
         <name>.int47</name>
         <load_address>0xffde</load_address>
         <run_address>0xffde</run_address>
         <size>0x2</size>
         <input_file_ref idref="fl-7"/>
      </object_component>
      <object_component id="oc-84">
         <name>.int48</name>
         <load_address>0xffe0</load_address>
         <run_address>0xffe0</run_address>
         <size>0x2</size>
         <input_file_ref idref="fl-46"/>
      </object_component>
      <object_component id="oc-85">
         <name>.int49</name>
         <load_address>0xffe2</load_address>
         <run_address>0xffe2</run_address>
         <size>0x2</size>
         <input_file_ref idref="fl-7"/>
      </object_component>
      <object_component id="oc-86">
         <name>.int50</name>
         <load_address>0xffe4</load_address>
         <run_address>0xffe4</run_address>
         <size>0x2</size>
         <input_file_ref idref="fl-7"/>
      </object_component>
      <object_component id="oc-87">
         <name>.int51</name>
         <load_address>0xffe6</load_address>
         <run_address>0xffe6</run_address>
         <size>0x2</size>
         <input_file_ref idref="fl-47"/>
      </object_component>
      <object_component id="oc-88">
         <name>.int52</name>
         <load_address>0xffe8</load_address>
         <run_address>0xffe8</run_address>
         <size>0x2</size>
         <input_file_ref idref="fl-48"/>
      </object_component>
      <object_component id="oc-89">
         <name>.int53</name>
         <load_address>0xffea</load_address>
         <run_address>0xffea</run_address>
         <size>0x2</size>
         <input_file_ref idref="fl-49"/>
      </object_component>
      <object_component id="oc-8a">
         <name>.int54</name>
         <load_address>0xffec</load_address>
         <run_address>0xffec</run_address>
         <size>0x2</size>
         <input_file_ref idref="fl-4a"/>
      </object_component>
      <object_component id="oc-8b">
         <name>.int55</name>
         <load_address>0xffee</load_address>
         <run_address>0xffee</run_address>
         <size>0x2</size>
         <input_file_ref idref="fl-4b"/>
      </object_component>
      <object_component id="oc-8c">
         <name>.int56</name>
         <load_address>0xfff0</load_address>
         <run_address>0xfff0</run_address>
         <size>0x2</size>
         <input_file_ref idref="fl-4c"/>
      </object_component>
      <object_component id="oc-8d">
         <name>.int57</name>
         <load_address>0xfff2</load_address>
         <run_address>0xfff2</run_address>
         <size>0x2</size>
         <input_file_ref idref="fl-4d"/>
      </object_component>
      <object_component id="oc-8e">
         <name>.int58</name>
         <load_address>0xfff4</load_address>
         <run_address>0xfff4</run_address>
         <size>0x2</size>
         <input_file_ref idref="fl-4e"/>
      </object_component>
      <object_component id="oc-8f">
         <name>.int59</name>
         <load_address>0xfff6</load_address>
         <run_address>0xfff6</run_address>
         <size>0x2</size>
         <input_file_ref idref="fl-7"/>
      </object_component>
      <object_component id="oc-90">
         <name>.int60</name>
         <load_address>0xfff8</load_address>
         <run_address>0xfff8</run_address>
         <size>0x2</size>
         <input_file_ref idref="fl-4f"/>
      </object_component>
      <object_component id="oc-91">
         <name>.int61</name>
         <load_address>0xfffa</load_address>
         <run_address>0xfffa</run_address>
         <size>0x2</size>
         <input_file_ref idref="fl-50"/>
      </object_component>
      <object_component id="oc-92">
         <name>.int62</name>
         <load_address>0xfffc</load_address>
         <run_address>0xfffc</run_address>
         <size>0x2</size>
         <input_file_ref idref="fl-51"/>
      </object_component>
      <object_component id="oc-396">
         <name>.reset</name>
         <load_address>0xfffe</load_address>
         <run_address>0xfffe</run_address>
         <size>0x2</size>
         <input_file_ref idref="fl-32"/>
      </object_component>
      <object_component id="oc-48b">
         <name>.debug_info</name>
         <load_address>0x0</load_address>
         <run_address>0x0</run_address>
         <size>0x3d9</size>
         <input_file_ref idref="fl-2"/>
      </object_component>
      <object_component id="oc-482">
         <name>.debug_info</name>
         <load_address>0x3d9</load_address>
         <run_address>0x3d9</run_address>
         <size>0xe6</size>
         <input_file_ref idref="fl-2"/>
      </object_component>
      <object_component id="oc-47f">
         <name>.debug_info</name>
         <load_address>0x4bf</load_address>
         <run_address>0x4bf</run_address>
         <size>0xe2</size>
         <input_file_ref idref="fl-2"/>
      </object_component>
      <object_component id="oc-48e">
         <name>.debug_info</name>
         <load_address>0x5a1</load_address>
         <run_address>0x5a1</run_address>
         <size>0xe0</size>
         <input_file_ref idref="fl-2"/>
      </object_component>
      <object_component id="oc-476">
         <name>.debug_info</name>
         <load_address>0x681</load_address>
         <run_address>0x681</run_address>
         <size>0xff</size>
         <input_file_ref idref="fl-2"/>
      </object_component>
      <object_component id="oc-3fc">
         <name>.debug_info</name>
         <load_address>0x780</load_address>
         <run_address>0x780</run_address>
         <size>0x382</size>
         <input_file_ref idref="fl-2"/>
      </object_component>
      <object_component id="oc-4b6">
         <name>.debug_info</name>
         <load_address>0xb02</load_address>
         <run_address>0xb02</run_address>
         <size>0x5e</size>
         <input_file_ref idref="fl-2"/>
      </object_component>
      <object_component id="oc-4bb">
         <name>.debug_info</name>
         <load_address>0xb60</load_address>
         <run_address>0xb60</run_address>
         <size>0x102</size>
         <input_file_ref idref="fl-2"/>
      </object_component>
      <object_component id="oc-4af">
         <name>.debug_info</name>
         <load_address>0xc62</load_address>
         <run_address>0xc62</run_address>
         <size>0x156</size>
         <input_file_ref idref="fl-2"/>
      </object_component>
      <object_component id="oc-411">
         <name>.debug_info</name>
         <load_address>0xdb8</load_address>
         <run_address>0xdb8</run_address>
         <size>0x84</size>
         <input_file_ref idref="fl-2"/>
      </object_component>
      <object_component id="oc-566">
         <name>.debug_info</name>
         <load_address>0xe3c</load_address>
         <run_address>0xe3c</run_address>
         <size>0x171</size>
         <input_file_ref idref="fl-3"/>
      </object_component>
      <object_component id="oc-488">
         <name>.debug_info</name>
         <load_address>0xfad</load_address>
         <run_address>0xfad</run_address>
         <size>0x2a7</size>
         <input_file_ref idref="fl-3"/>
      </object_component>
      <object_component id="oc-54f">
         <name>.debug_info</name>
         <load_address>0x1254</load_address>
         <run_address>0x1254</run_address>
         <size>0x2af</size>
         <input_file_ref idref="fl-3"/>
      </object_component>
      <object_component id="oc-53e">
         <name>.debug_info</name>
         <load_address>0x1503</load_address>
         <run_address>0x1503</run_address>
         <size>0xf3</size>
         <input_file_ref idref="fl-4"/>
      </object_component>
      <object_component id="oc-47a">
         <name>.debug_info</name>
         <load_address>0x15f6</load_address>
         <run_address>0x15f6</run_address>
         <size>0x1b1</size>
         <input_file_ref idref="fl-4"/>
      </object_component>
      <object_component id="oc-537">
         <name>.debug_info</name>
         <load_address>0x17a7</load_address>
         <run_address>0x17a7</run_address>
         <size>0x1c7</size>
         <input_file_ref idref="fl-4"/>
      </object_component>
      <object_component id="oc-470">
         <name>.debug_info</name>
         <load_address>0x196e</load_address>
         <run_address>0x196e</run_address>
         <size>0x1b1</size>
         <input_file_ref idref="fl-4"/>
      </object_component>
      <object_component id="oc-540">
         <name>.debug_info</name>
         <load_address>0x1b1f</load_address>
         <run_address>0x1b1f</run_address>
         <size>0x1b3</size>
         <input_file_ref idref="fl-4"/>
      </object_component>
      <object_component id="oc-4a4">
         <name>.debug_info</name>
         <load_address>0x1cd2</load_address>
         <run_address>0x1cd2</run_address>
         <size>0x19d</size>
         <input_file_ref idref="fl-4"/>
      </object_component>
      <object_component id="oc-5b4">
         <name>.debug_info</name>
         <load_address>0x1e6f</load_address>
         <run_address>0x1e6f</run_address>
         <size>0x18f</size>
         <input_file_ref idref="fl-4"/>
      </object_component>
      <object_component id="oc-46a">
         <name>.debug_info</name>
         <load_address>0x1ffe</load_address>
         <run_address>0x1ffe</run_address>
         <size>0x187</size>
         <input_file_ref idref="fl-5"/>
      </object_component>
      <object_component id="oc-577">
         <name>.debug_info</name>
         <load_address>0x2185</load_address>
         <run_address>0x2185</run_address>
         <size>0x2ad</size>
         <input_file_ref idref="fl-6"/>
      </object_component>
      <object_component id="oc-574">
         <name>.debug_info</name>
         <load_address>0x2432</load_address>
         <run_address>0x2432</run_address>
         <size>0xe5</size>
         <input_file_ref idref="fl-6"/>
      </object_component>
      <object_component id="oc-5a4">
         <name>.debug_info</name>
         <load_address>0x2517</load_address>
         <run_address>0x2517</run_address>
         <size>0xed</size>
         <input_file_ref idref="fl-6"/>
      </object_component>
      <object_component id="oc-5e4">
         <name>.debug_info</name>
         <load_address>0x2604</load_address>
         <run_address>0x2604</run_address>
         <size>0xea</size>
         <input_file_ref idref="fl-6"/>
      </object_component>
      <object_component id="oc-5a7">
         <name>.debug_info</name>
         <load_address>0x26ee</load_address>
         <run_address>0x26ee</run_address>
         <size>0x1b7</size>
         <input_file_ref idref="fl-6"/>
      </object_component>
      <object_component id="oc-531">
         <name>.debug_info</name>
         <load_address>0x28a5</load_address>
         <run_address>0x28a5</run_address>
         <size>0x174</size>
         <input_file_ref idref="fl-6"/>
      </object_component>
      <object_component id="oc-5ad">
         <name>.debug_info</name>
         <load_address>0x2a19</load_address>
         <run_address>0x2a19</run_address>
         <size>0x21c</size>
         <input_file_ref idref="fl-6"/>
      </object_component>
      <object_component id="oc-56e">
         <name>.debug_info</name>
         <load_address>0x2c35</load_address>
         <run_address>0x2c35</run_address>
         <size>0x1bd</size>
         <input_file_ref idref="fl-6"/>
      </object_component>
      <object_component id="oc-498">
         <name>.debug_info</name>
         <load_address>0x2df2</load_address>
         <run_address>0x2df2</run_address>
         <size>0x258</size>
         <input_file_ref idref="fl-6"/>
      </object_component>
      <object_component id="oc-49e">
         <name>.debug_info</name>
         <load_address>0x304a</load_address>
         <run_address>0x304a</run_address>
         <size>0x259</size>
         <input_file_ref idref="fl-6"/>
      </object_component>
      <object_component id="oc-581">
         <name>.debug_info</name>
         <load_address>0x32a3</load_address>
         <run_address>0x32a3</run_address>
         <size>0x21e</size>
         <input_file_ref idref="fl-6"/>
      </object_component>
      <object_component id="oc-42d">
         <name>.debug_info</name>
         <load_address>0x34c1</load_address>
         <run_address>0x34c1</run_address>
         <size>0x2c8</size>
         <input_file_ref idref="fl-7"/>
      </object_component>
      <object_component id="oc-431">
         <name>.debug_info</name>
         <load_address>0x3789</load_address>
         <run_address>0x3789</run_address>
         <size>0x159</size>
         <input_file_ref idref="fl-7"/>
      </object_component>
      <object_component id="oc-3bd">
         <name>.debug_info</name>
         <load_address>0x38e2</load_address>
         <run_address>0x38e2</run_address>
         <size>0x12b</size>
         <input_file_ref idref="fl-7"/>
      </object_component>
      <object_component id="oc-3cf">
         <name>.debug_info</name>
         <load_address>0x3a0d</load_address>
         <run_address>0x3a0d</run_address>
         <size>0x12d</size>
         <input_file_ref idref="fl-7"/>
      </object_component>
      <object_component id="oc-3c4">
         <name>.debug_info</name>
         <load_address>0x3b3a</load_address>
         <run_address>0x3b3a</run_address>
         <size>0x12d</size>
         <input_file_ref idref="fl-7"/>
      </object_component>
      <object_component id="oc-3b8">
         <name>.debug_info</name>
         <load_address>0x3c67</load_address>
         <run_address>0x3c67</run_address>
         <size>0x129</size>
         <input_file_ref idref="fl-7"/>
      </object_component>
      <object_component id="oc-3ca">
         <name>.debug_info</name>
         <load_address>0x3d90</load_address>
         <run_address>0x3d90</run_address>
         <size>0x127</size>
         <input_file_ref idref="fl-7"/>
      </object_component>
      <object_component id="oc-435">
         <name>.debug_info</name>
         <load_address>0x3eb7</load_address>
         <run_address>0x3eb7</run_address>
         <size>0x249</size>
         <input_file_ref idref="fl-8"/>
      </object_component>
      <object_component id="oc-4f4">
         <name>.debug_info</name>
         <load_address>0x4100</load_address>
         <run_address>0x4100</run_address>
         <size>0x12d</size>
         <input_file_ref idref="fl-8"/>
      </object_component>
      <object_component id="oc-52c">
         <name>.debug_info</name>
         <load_address>0x422d</load_address>
         <run_address>0x422d</run_address>
         <size>0x127</size>
         <input_file_ref idref="fl-9"/>
      </object_component>
      <object_component id="oc-429">
         <name>.debug_info</name>
         <load_address>0x4354</load_address>
         <run_address>0x4354</run_address>
         <size>0x2d6</size>
         <input_file_ref idref="fl-a"/>
      </object_component>
      <object_component id="oc-466">
         <name>.debug_info</name>
         <load_address>0x462a</load_address>
         <run_address>0x462a</run_address>
         <size>0x1fc</size>
         <input_file_ref idref="fl-a"/>
      </object_component>
      <object_component id="oc-509">
         <name>.debug_info</name>
         <load_address>0x4826</load_address>
         <run_address>0x4826</run_address>
         <size>0x12c</size>
         <input_file_ref idref="fl-b"/>
      </object_component>
      <object_component id="oc-500">
         <name>.debug_info</name>
         <load_address>0x4952</load_address>
         <run_address>0x4952</run_address>
         <size>0x15c</size>
         <input_file_ref idref="fl-c"/>
      </object_component>
      <object_component id="oc-597">
         <name>.debug_info</name>
         <load_address>0x4aae</load_address>
         <run_address>0x4aae</run_address>
         <size>0x1be</size>
         <input_file_ref idref="fl-c"/>
      </object_component>
      <object_component id="oc-5d5">
         <name>.debug_info</name>
         <load_address>0x4c6c</load_address>
         <run_address>0x4c6c</run_address>
         <size>0x1aa</size>
         <input_file_ref idref="fl-c"/>
      </object_component>
      <object_component id="oc-5db">
         <name>.debug_info</name>
         <load_address>0x4e16</load_address>
         <run_address>0x4e16</run_address>
         <size>0x186</size>
         <input_file_ref idref="fl-c"/>
      </object_component>
      <object_component id="oc-518">
         <name>.debug_info</name>
         <load_address>0x4f9c</load_address>
         <run_address>0x4f9c</run_address>
         <size>0x13b</size>
         <input_file_ref idref="fl-d"/>
      </object_component>
      <object_component id="oc-515">
         <name>.debug_info</name>
         <load_address>0x50d7</load_address>
         <run_address>0x50d7</run_address>
         <size>0x13b</size>
         <input_file_ref idref="fl-e"/>
      </object_component>
      <object_component id="oc-50c">
         <name>.debug_info</name>
         <load_address>0x5212</load_address>
         <run_address>0x5212</run_address>
         <size>0x127</size>
         <input_file_ref idref="fl-f"/>
      </object_component>
      <object_component id="oc-520">
         <name>.debug_info</name>
         <load_address>0x5339</load_address>
         <run_address>0x5339</run_address>
         <size>0x136</size>
         <input_file_ref idref="fl-10"/>
      </object_component>
      <object_component id="oc-526">
         <name>.debug_info</name>
         <load_address>0x546f</load_address>
         <run_address>0x546f</run_address>
         <size>0x13e</size>
         <input_file_ref idref="fl-10"/>
      </object_component>
      <object_component id="oc-4fa">
         <name>.debug_info</name>
         <load_address>0x55ad</load_address>
         <run_address>0x55ad</run_address>
         <size>0x127</size>
         <input_file_ref idref="fl-11"/>
      </object_component>
      <object_component id="oc-394">
         <name>.debug_info</name>
         <load_address>0x56d4</load_address>
         <run_address>0x56d4</run_address>
         <size>0xf6</size>
         <input_file_ref idref="fl-32"/>
      </object_component>
      <object_component id="oc-b3">
         <name>.debug_info</name>
         <load_address>0x57ca</load_address>
         <run_address>0x57ca</run_address>
         <size>0x197</size>
         <input_file_ref idref="fl-33"/>
      </object_component>
      <object_component id="oc-3a3">
         <name>.debug_info</name>
         <load_address>0x5961</load_address>
         <run_address>0x5961</run_address>
         <size>0x1c7</size>
         <input_file_ref idref="fl-34"/>
      </object_component>
      <object_component id="oc-70">
         <name>.debug_info</name>
         <load_address>0x5b28</load_address>
         <run_address>0x5b28</run_address>
         <size>0x1c9</size>
         <input_file_ref idref="fl-34"/>
      </object_component>
      <object_component id="oc-39e">
         <name>.debug_info</name>
         <load_address>0x5cf1</load_address>
         <run_address>0x5cf1</run_address>
         <size>0x46</size>
         <input_file_ref idref="fl-34"/>
      </object_component>
      <object_component id="oc-41f">
         <name>.debug_info</name>
         <load_address>0x5d37</load_address>
         <run_address>0x5d37</run_address>
         <size>0x2c</size>
         <input_file_ref idref="fl-34"/>
      </object_component>
      <object_component id="oc-3ab">
         <name>.debug_info</name>
         <load_address>0x5d63</load_address>
         <run_address>0x5d63</run_address>
         <size>0x184</size>
         <input_file_ref idref="fl-35"/>
      </object_component>
      <object_component id="oc-3a8">
         <name>.debug_info</name>
         <load_address>0x5ee7</load_address>
         <run_address>0x5ee7</run_address>
         <size>0x23b</size>
         <input_file_ref idref="fl-35"/>
      </object_component>
      <object_component id="oc-79">
         <name>.debug_info</name>
         <load_address>0x6122</load_address>
         <run_address>0x6122</run_address>
         <size>0x1b2</size>
         <input_file_ref idref="fl-35"/>
      </object_component>
      <object_component id="oc-3ac">
         <name>.debug_info</name>
         <load_address>0x62d4</load_address>
         <run_address>0x62d4</run_address>
         <size>0x39</size>
         <input_file_ref idref="fl-35"/>
      </object_component>
      <object_component id="oc-5ce">
         <name>.debug_info</name>
         <load_address>0x630d</load_address>
         <run_address>0x630d</run_address>
         <size>0x11a</size>
         <input_file_ref idref="fl-37"/>
      </object_component>
      <object_component id="oc-404">
         <name>.debug_info</name>
         <load_address>0x6427</load_address>
         <run_address>0x6427</run_address>
         <size>0x118</size>
         <input_file_ref idref="fl-38"/>
      </object_component>
      <object_component id="oc-561">
         <name>.debug_info</name>
         <load_address>0x653f</load_address>
         <run_address>0x653f</run_address>
         <size>0x11a</size>
         <input_file_ref idref="fl-3a"/>
      </object_component>
      <object_component id="oc-557">
         <name>.debug_info</name>
         <load_address>0x6659</load_address>
         <run_address>0x6659</run_address>
         <size>0x11a</size>
         <input_file_ref idref="fl-3b"/>
      </object_component>
      <object_component id="oc-553">
         <name>.debug_info</name>
         <load_address>0x6773</load_address>
         <run_address>0x6773</run_address>
         <size>0x123</size>
         <input_file_ref idref="fl-3c"/>
      </object_component>
      <object_component id="oc-55c">
         <name>.debug_info</name>
         <load_address>0x6896</load_address>
         <run_address>0x6896</run_address>
         <size>0x11a</size>
         <input_file_ref idref="fl-3d"/>
      </object_component>
      <object_component id="oc-493">
         <name>.debug_info</name>
         <load_address>0x69b0</load_address>
         <run_address>0x69b0</run_address>
         <size>0x12e</size>
         <input_file_ref idref="fl-3e"/>
      </object_component>
      <object_component id="oc-3b3">
         <name>.debug_info</name>
         <load_address>0x6ade</load_address>
         <run_address>0x6ade</run_address>
         <size>0x108</size>
         <input_file_ref idref="fl-52"/>
      </object_component>
      <object_component id="oc-417">
         <name>.debug_info</name>
         <load_address>0x6be6</load_address>
         <run_address>0x6be6</run_address>
         <size>0x17d</size>
         <input_file_ref idref="fl-53"/>
      </object_component>
      <object_component id="oc-39b">
         <name>.debug_info</name>
         <load_address>0x6d63</load_address>
         <run_address>0x6d63</run_address>
         <size>0x192</size>
         <input_file_ref idref="fl-53"/>
      </object_component>
      <object_component id="oc-418">
         <name>.debug_info</name>
         <load_address>0x6ef5</load_address>
         <run_address>0x6ef5</run_address>
         <size>0x2c</size>
         <input_file_ref idref="fl-53"/>
      </object_component>
      <object_component id="oc-5cb">
         <name>.debug_info</name>
         <load_address>0x6f21</load_address>
         <run_address>0x6f21</run_address>
         <size>0x16d</size>
         <input_file_ref idref="fl-54"/>
      </object_component>
      <object_component id="oc-579">
         <name>.debug_info</name>
         <load_address>0x708e</load_address>
         <run_address>0x708e</run_address>
         <size>0x25b</size>
         <input_file_ref idref="fl-54"/>
      </object_component>
      <object_component id="oc-4c5">
         <name>.debug_info</name>
         <load_address>0x72e9</load_address>
         <run_address>0x72e9</run_address>
         <size>0x129</size>
         <input_file_ref idref="fl-58"/>
      </object_component>
      <object_component id="oc-3df">
         <name>.debug_info</name>
         <load_address>0x7412</load_address>
         <run_address>0x7412</run_address>
         <size>0x149</size>
         <input_file_ref idref="fl-5c"/>
      </object_component>
      <object_component id="oc-449">
         <name>.debug_info</name>
         <load_address>0x755b</load_address>
         <run_address>0x755b</run_address>
         <size>0x3f6</size>
         <input_file_ref idref="fl-5f"/>
      </object_component>
      <object_component id="oc-3e2">
         <name>.debug_info</name>
         <load_address>0x7951</load_address>
         <run_address>0x7951</run_address>
         <size>0x21f</size>
         <input_file_ref idref="fl-5f"/>
      </object_component>
      <object_component id="oc-4ce">
         <name>.debug_info</name>
         <load_address>0x7b70</load_address>
         <run_address>0x7b70</run_address>
         <size>0x39</size>
         <input_file_ref idref="fl-5f"/>
      </object_component>
      <object_component id="oc-44a">
         <name>.debug_info</name>
         <load_address>0x7ba9</load_address>
         <run_address>0x7ba9</run_address>
         <size>0x2c</size>
         <input_file_ref idref="fl-5f"/>
      </object_component>
      <object_component id="oc-4d3">
         <name>.debug_info</name>
         <load_address>0x7bd5</load_address>
         <run_address>0x7bd5</run_address>
         <size>0xcd</size>
         <input_file_ref idref="fl-5f"/>
      </object_component>
      <object_component id="oc-4ca">
         <name>.debug_info</name>
         <load_address>0x7ca2</load_address>
         <run_address>0x7ca2</run_address>
         <size>0x267</size>
         <input_file_ref idref="fl-60"/>
      </object_component>
      <object_component id="oc-43f">
         <name>.debug_info</name>
         <load_address>0x7f09</load_address>
         <run_address>0x7f09</run_address>
         <size>0x1b1</size>
         <input_file_ref idref="fl-60"/>
      </object_component>
      <object_component id="oc-589">
         <name>.debug_info</name>
         <load_address>0x80ba</load_address>
         <run_address>0x80ba</run_address>
         <size>0x2c</size>
         <input_file_ref idref="fl-60"/>
      </object_component>
      <object_component id="oc-445">
         <name>.debug_info</name>
         <load_address>0x80e6</load_address>
         <run_address>0x80e6</run_address>
         <size>0x146</size>
         <input_file_ref idref="fl-61"/>
      </object_component>
      <object_component id="oc-65d">
         <name>.debug_info</name>
         <load_address>0x822c</load_address>
         <run_address>0x822c</run_address>
         <size>0xb2</size>
      </object_component>
      <object_component id="oc-569">
         <name>.debug_line</name>
         <load_address>0x0</load_address>
         <run_address>0x0</run_address>
         <size>0xe2</size>
         <input_file_ref idref="fl-2"/>
      </object_component>
      <object_component id="oc-54a">
         <name>.debug_line</name>
         <load_address>0xe2</load_address>
         <run_address>0xe2</run_address>
         <size>0x37</size>
         <input_file_ref idref="fl-2"/>
      </object_component>
      <object_component id="oc-548">
         <name>.debug_line</name>
         <load_address>0x119</load_address>
         <run_address>0x119</run_address>
         <size>0x37</size>
         <input_file_ref idref="fl-2"/>
      </object_component>
      <object_component id="oc-56b">
         <name>.debug_line</name>
         <load_address>0x150</load_address>
         <run_address>0x150</run_address>
         <size>0x37</size>
         <input_file_ref idref="fl-2"/>
      </object_component>
      <object_component id="oc-545">
         <name>.debug_line</name>
         <load_address>0x187</load_address>
         <run_address>0x187</run_address>
         <size>0x2d</size>
         <input_file_ref idref="fl-2"/>
      </object_component>
      <object_component id="oc-3ff">
         <name>.debug_line</name>
         <load_address>0x1b4</load_address>
         <run_address>0x1b4</run_address>
         <size>0xd1</size>
         <input_file_ref idref="fl-2"/>
      </object_component>
      <object_component id="oc-4b9">
         <name>.debug_line</name>
         <load_address>0x285</load_address>
         <run_address>0x285</run_address>
         <size>0x37</size>
         <input_file_ref idref="fl-2"/>
      </object_component>
      <object_component id="oc-4be">
         <name>.debug_line</name>
         <load_address>0x2bc</load_address>
         <run_address>0x2bc</run_address>
         <size>0x36</size>
         <input_file_ref idref="fl-2"/>
      </object_component>
      <object_component id="oc-4b2">
         <name>.debug_line</name>
         <load_address>0x2f2</load_address>
         <run_address>0x2f2</run_address>
         <size>0x37</size>
         <input_file_ref idref="fl-2"/>
      </object_component>
      <object_component id="oc-414">
         <name>.debug_line</name>
         <load_address>0x329</load_address>
         <run_address>0x329</run_address>
         <size>0x20</size>
         <input_file_ref idref="fl-2"/>
      </object_component>
      <object_component id="oc-5c4">
         <name>.debug_line</name>
         <load_address>0x349</load_address>
         <run_address>0x349</run_address>
         <size>0x32</size>
         <input_file_ref idref="fl-3"/>
      </object_component>
      <object_component id="oc-487">
         <name>.debug_line</name>
         <load_address>0x37b</load_address>
         <run_address>0x37b</run_address>
         <size>0x4d</size>
         <input_file_ref idref="fl-3"/>
      </object_component>
      <object_component id="oc-54d">
         <name>.debug_line</name>
         <load_address>0x3c8</load_address>
         <run_address>0x3c8</run_address>
         <size>0x82</size>
         <input_file_ref idref="fl-3"/>
      </object_component>
      <object_component id="oc-5bb">
         <name>.debug_line</name>
         <load_address>0x44a</load_address>
         <run_address>0x44a</run_address>
         <size>0x3e</size>
         <input_file_ref idref="fl-4"/>
      </object_component>
      <object_component id="oc-479">
         <name>.debug_line</name>
         <load_address>0x488</load_address>
         <run_address>0x488</run_address>
         <size>0x81</size>
         <input_file_ref idref="fl-4"/>
      </object_component>
      <object_component id="oc-53a">
         <name>.debug_line</name>
         <load_address>0x509</load_address>
         <run_address>0x509</run_address>
         <size>0x59</size>
         <input_file_ref idref="fl-4"/>
      </object_component>
      <object_component id="oc-473">
         <name>.debug_line</name>
         <load_address>0x562</load_address>
         <run_address>0x562</run_address>
         <size>0x5e</size>
         <input_file_ref idref="fl-4"/>
      </object_component>
      <object_component id="oc-5bd">
         <name>.debug_line</name>
         <load_address>0x5c0</load_address>
         <run_address>0x5c0</run_address>
         <size>0x66</size>
         <input_file_ref idref="fl-4"/>
      </object_component>
      <object_component id="oc-4a7">
         <name>.debug_line</name>
         <load_address>0x626</load_address>
         <run_address>0x626</run_address>
         <size>0x5e</size>
         <input_file_ref idref="fl-4"/>
      </object_component>
      <object_component id="oc-5b8">
         <name>.debug_line</name>
         <load_address>0x684</load_address>
         <run_address>0x684</run_address>
         <size>0x5d</size>
         <input_file_ref idref="fl-4"/>
      </object_component>
      <object_component id="oc-46d">
         <name>.debug_line</name>
         <load_address>0x6e1</load_address>
         <run_address>0x6e1</run_address>
         <size>0x55</size>
         <input_file_ref idref="fl-5"/>
      </object_component>
      <object_component id="oc-5c9">
         <name>.debug_line</name>
         <load_address>0x736</load_address>
         <run_address>0x736</run_address>
         <size>0x106</size>
         <input_file_ref idref="fl-6"/>
      </object_component>
      <object_component id="oc-5c7">
         <name>.debug_line</name>
         <load_address>0x83c</load_address>
         <run_address>0x83c</run_address>
         <size>0x3d</size>
         <input_file_ref idref="fl-6"/>
      </object_component>
      <object_component id="oc-5e1">
         <name>.debug_line</name>
         <load_address>0x879</load_address>
         <run_address>0x879</run_address>
         <size>0x3a</size>
         <input_file_ref idref="fl-6"/>
      </object_component>
      <object_component id="oc-5ee">
         <name>.debug_line</name>
         <load_address>0x8b3</load_address>
         <run_address>0x8b3</run_address>
         <size>0x3a</size>
         <input_file_ref idref="fl-6"/>
      </object_component>
      <object_component id="oc-5aa">
         <name>.debug_line</name>
         <load_address>0x8ed</load_address>
         <run_address>0x8ed</run_address>
         <size>0x6f</size>
         <input_file_ref idref="fl-6"/>
      </object_component>
      <object_component id="oc-534">
         <name>.debug_line</name>
         <load_address>0x95c</load_address>
         <run_address>0x95c</run_address>
         <size>0x54</size>
         <input_file_ref idref="fl-6"/>
      </object_component>
      <object_component id="oc-5b0">
         <name>.debug_line</name>
         <load_address>0x9b0</load_address>
         <run_address>0x9b0</run_address>
         <size>0x7b</size>
         <input_file_ref idref="fl-6"/>
      </object_component>
      <object_component id="oc-572">
         <name>.debug_line</name>
         <load_address>0xa2b</load_address>
         <run_address>0xa2b</run_address>
         <size>0x57</size>
         <input_file_ref idref="fl-6"/>
      </object_component>
      <object_component id="oc-49c">
         <name>.debug_line</name>
         <load_address>0xa82</load_address>
         <run_address>0xa82</run_address>
         <size>0x75</size>
         <input_file_ref idref="fl-6"/>
      </object_component>
      <object_component id="oc-4a1">
         <name>.debug_line</name>
         <load_address>0xaf7</load_address>
         <run_address>0xaf7</run_address>
         <size>0x8e</size>
         <input_file_ref idref="fl-6"/>
      </object_component>
      <object_component id="oc-57f">
         <name>.debug_line</name>
         <load_address>0xb85</load_address>
         <run_address>0xb85</run_address>
         <size>0x77</size>
         <input_file_ref idref="fl-6"/>
      </object_component>
      <object_component id="oc-4b5">
         <name>.debug_line</name>
         <load_address>0xbfc</load_address>
         <run_address>0xbfc</run_address>
         <size>0x6c</size>
         <input_file_ref idref="fl-7"/>
      </object_component>
      <object_component id="oc-4c1">
         <name>.debug_line</name>
         <load_address>0xc68</load_address>
         <run_address>0xc68</run_address>
         <size>0x37</size>
         <input_file_ref idref="fl-7"/>
      </object_component>
      <object_component id="oc-3c0">
         <name>.debug_line</name>
         <load_address>0xc9f</load_address>
         <run_address>0xc9f</run_address>
         <size>0x5b</size>
         <input_file_ref idref="fl-7"/>
      </object_component>
      <object_component id="oc-3d2">
         <name>.debug_line</name>
         <load_address>0xcfa</load_address>
         <run_address>0xcfa</run_address>
         <size>0x58</size>
         <input_file_ref idref="fl-7"/>
      </object_component>
      <object_component id="oc-3c3">
         <name>.debug_line</name>
         <load_address>0xd52</load_address>
         <run_address>0xd52</run_address>
         <size>0x4e</size>
         <input_file_ref idref="fl-7"/>
      </object_component>
      <object_component id="oc-3b7">
         <name>.debug_line</name>
         <load_address>0xda0</load_address>
         <run_address>0xda0</run_address>
         <size>0x5c</size>
         <input_file_ref idref="fl-7"/>
      </object_component>
      <object_component id="oc-3c9">
         <name>.debug_line</name>
         <load_address>0xdfc</load_address>
         <run_address>0xdfc</run_address>
         <size>0x50</size>
         <input_file_ref idref="fl-7"/>
      </object_component>
      <object_component id="oc-4c3">
         <name>.debug_line</name>
         <load_address>0xe4c</load_address>
         <run_address>0xe4c</run_address>
         <size>0x6b</size>
         <input_file_ref idref="fl-8"/>
      </object_component>
      <object_component id="oc-4f8">
         <name>.debug_line</name>
         <load_address>0xeb7</load_address>
         <run_address>0xeb7</run_address>
         <size>0x4f</size>
         <input_file_ref idref="fl-8"/>
      </object_component>
      <object_component id="oc-52e">
         <name>.debug_line</name>
         <load_address>0xf06</load_address>
         <run_address>0xf06</run_address>
         <size>0x4d</size>
         <input_file_ref idref="fl-9"/>
      </object_component>
      <object_component id="oc-4ae">
         <name>.debug_line</name>
         <load_address>0xf53</load_address>
         <run_address>0xf53</run_address>
         <size>0xfa</size>
         <input_file_ref idref="fl-a"/>
      </object_component>
      <object_component id="oc-464">
         <name>.debug_line</name>
         <load_address>0x104d</load_address>
         <run_address>0x104d</run_address>
         <size>0x56</size>
         <input_file_ref idref="fl-a"/>
      </object_component>
      <object_component id="oc-507">
         <name>.debug_line</name>
         <load_address>0x10a3</load_address>
         <run_address>0x10a3</run_address>
         <size>0x8c</size>
         <input_file_ref idref="fl-b"/>
      </object_component>
      <object_component id="oc-503">
         <name>.debug_line</name>
         <load_address>0x112f</load_address>
         <run_address>0x112f</run_address>
         <size>0x49</size>
         <input_file_ref idref="fl-c"/>
      </object_component>
      <object_component id="oc-596">
         <name>.debug_line</name>
         <load_address>0x1178</load_address>
         <run_address>0x1178</run_address>
         <size>0x5b</size>
         <input_file_ref idref="fl-c"/>
      </object_component>
      <object_component id="oc-5d4">
         <name>.debug_line</name>
         <load_address>0x11d3</load_address>
         <run_address>0x11d3</run_address>
         <size>0x85</size>
         <input_file_ref idref="fl-c"/>
      </object_component>
      <object_component id="oc-5da">
         <name>.debug_line</name>
         <load_address>0x1258</load_address>
         <run_address>0x1258</run_address>
         <size>0x6b</size>
         <input_file_ref idref="fl-c"/>
      </object_component>
      <object_component id="oc-51b">
         <name>.debug_line</name>
         <load_address>0x12c3</load_address>
         <run_address>0x12c3</run_address>
         <size>0x54</size>
         <input_file_ref idref="fl-d"/>
      </object_component>
      <object_component id="oc-513">
         <name>.debug_line</name>
         <load_address>0x1317</load_address>
         <run_address>0x1317</run_address>
         <size>0x51</size>
         <input_file_ref idref="fl-e"/>
      </object_component>
      <object_component id="oc-50f">
         <name>.debug_line</name>
         <load_address>0x1368</load_address>
         <run_address>0x1368</run_address>
         <size>0x4f</size>
         <input_file_ref idref="fl-f"/>
      </object_component>
      <object_component id="oc-51e">
         <name>.debug_line</name>
         <load_address>0x13b7</load_address>
         <run_address>0x13b7</run_address>
         <size>0x51</size>
         <input_file_ref idref="fl-10"/>
      </object_component>
      <object_component id="oc-524">
         <name>.debug_line</name>
         <load_address>0x1408</load_address>
         <run_address>0x1408</run_address>
         <size>0x52</size>
         <input_file_ref idref="fl-10"/>
      </object_component>
      <object_component id="oc-4fd">
         <name>.debug_line</name>
         <load_address>0x145a</load_address>
         <run_address>0x145a</run_address>
         <size>0x47</size>
         <input_file_ref idref="fl-11"/>
      </object_component>
      <object_component id="oc-410">
         <name>.debug_line</name>
         <load_address>0x14a1</load_address>
         <run_address>0x14a1</run_address>
         <size>0x2a</size>
         <input_file_ref idref="fl-32"/>
      </object_component>
      <object_component id="oc-b5">
         <name>.debug_line</name>
         <load_address>0x14cb</load_address>
         <run_address>0x14cb</run_address>
         <size>0x4c</size>
         <input_file_ref idref="fl-33"/>
      </object_component>
      <object_component id="oc-41e">
         <name>.debug_line</name>
         <load_address>0x1517</load_address>
         <run_address>0x1517</run_address>
         <size>0x8a</size>
         <input_file_ref idref="fl-34"/>
      </object_component>
      <object_component id="oc-73">
         <name>.debug_line</name>
         <load_address>0x15a1</load_address>
         <run_address>0x15a1</run_address>
         <size>0x50</size>
         <input_file_ref idref="fl-34"/>
      </object_component>
      <object_component id="oc-3a1">
         <name>.debug_line</name>
         <load_address>0x15f1</load_address>
         <run_address>0x15f1</run_address>
         <size>0x3a</size>
         <input_file_ref idref="fl-34"/>
      </object_component>
      <object_component id="oc-422">
         <name>.debug_line</name>
         <load_address>0x162b</load_address>
         <run_address>0x162b</run_address>
         <size>0x8a</size>
         <input_file_ref idref="fl-34"/>
      </object_component>
      <object_component id="oc-426">
         <name>.debug_line</name>
         <load_address>0x16b5</load_address>
         <run_address>0x16b5</run_address>
         <size>0x20</size>
         <input_file_ref idref="fl-35"/>
      </object_component>
      <object_component id="oc-3a6">
         <name>.debug_line</name>
         <load_address>0x16d5</load_address>
         <run_address>0x16d5</run_address>
         <size>0x8b</size>
         <input_file_ref idref="fl-35"/>
      </object_component>
      <object_component id="oc-77">
         <name>.debug_line</name>
         <load_address>0x1760</load_address>
         <run_address>0x1760</run_address>
         <size>0x49</size>
         <input_file_ref idref="fl-35"/>
      </object_component>
      <object_component id="oc-3af">
         <name>.debug_line</name>
         <load_address>0x17a9</load_address>
         <run_address>0x17a9</run_address>
         <size>0x39</size>
         <input_file_ref idref="fl-35"/>
      </object_component>
      <object_component id="oc-5cd">
         <name>.debug_line</name>
         <load_address>0x17e2</load_address>
         <run_address>0x17e2</run_address>
         <size>0x43</size>
         <input_file_ref idref="fl-37"/>
      </object_component>
      <object_component id="oc-407">
         <name>.debug_line</name>
         <load_address>0x1825</load_address>
         <run_address>0x1825</run_address>
         <size>0x3d</size>
         <input_file_ref idref="fl-38"/>
      </object_component>
      <object_component id="oc-564">
         <name>.debug_line</name>
         <load_address>0x1862</load_address>
         <run_address>0x1862</run_address>
         <size>0xbb</size>
         <input_file_ref idref="fl-3a"/>
      </object_component>
[...]
         <name>UCA1IRCTL</name>
         <value>0x612</value>
      </symbol>
      <symbol id="sm-2a3">
         <name>UCA1IRCTL_L</name>
         <value>0x612</value>
      </symbol>
      <symbol id="sm-2a4">
         <name>UCA1IRCTL_H</name>
         <value>0x613</value>
      </symbol>
      <symbol id="sm-2a5">
         <name>UCA1ICTL</name>
         <value>0x61c</value>
      </symbol>
      <symbol id="sm-2a6">
         <name>UCA1ICTL_L</name>
         <value>0x61c</value>
      </symbol>
      <symbol id="sm-2a7">
         <name>UCA1ICTL_H</name>
         <value>0x61d</value>
      </symbol>
      <symbol id="sm-2a8">
         <name>UCA1IV</name>
         <value>0x61e</value>
      </symbol>
      <symbol id="sm-2a9">
         <name>UCB1CTLW0</name>
         <value>0x620</value>
      </symbol>
      <symbol id="sm-2aa">
         <name>UCB1CTLW0_L</name>
         <value>0x620</value>
      </symbol>
      <symbol id="sm-2ab">
         <name>UCB1CTLW0_H</name>
         <value>0x621</value>
      </symbol>
      <symbol id="sm-2ac">
         <name>UCB1BRW</name>
         <value>0x626</value>
      </symbol>
      <symbol id="sm-2ad">
         <name>UCB1BRW_L</name>
         <value>0x626</value>
      </symbol>
      <symbol id="sm-2ae">
         <name>UCB1BRW_H</name>
         <value>0x627</value>
      </symbol>
      <symbol id="sm-2af">
         <name>UCB1STAT</name>
         <value>0x62a</value>
      </symbol>
      <symbol id="sm-2b0">
         <name>UCB1RXBUF</name>
         <value>0x62c</value>
      </symbol>
      <symbol id="sm-2b1">
         <name>UCB1TXBUF</name>
         <value>0x62e</value>
      </symbol>
      <symbol id="sm-2b2">
         <name>UCB1I2COA</name>
         <value>0x630</value>
      </symbol>
      <symbol id="sm-2b3">
         <name>UCB1I2COA_L</name>
         <value>0x630</value>
      </symbol>
      <symbol id="sm-2b4">
         <name>UCB1I2COA_H</name>
         <value>0x631</value>
      </symbol>
      <symbol id="sm-2b5">
         <name>UCB1I2CSA</name>
         <value>0x632</value>
      </symbol>
      <symbol id="sm-2b6">
         <name>UCB1I2CSA_L</name>
         <value>0x632</value>
      </symbol>
      <symbol id="sm-2b7">
         <name>UCB1I2CSA_H</name>
         <value>0x633</value>
      </symbol>
      <symbol id="sm-2b8">
         <name>UCB1ICTL</name>
         <value>0x63c</value>
      </symbol>
      <symbol id="sm-2b9">
         <name>UCB1ICTL_L</name>
         <value>0x63c</value>
      </symbol>
      <symbol id="sm-2ba">
         <name>UCB1ICTL_H</name>
         <value>0x63d</value>
      </symbol>
      <symbol id="sm-2bb">
         <name>UCB1IV</name>
         <value>0x63e</value>
      </symbol>
      <symbol id="sm-2bc">
         <name>WDTCTL</name>
         <value>0x15c</value>
      </symbol>
      <symbol id="sm-2bd">
         <name>WDTCTL_L</name>
         <value>0x15c</value>
      </symbol>
      <symbol id="sm-2be">
         <name>WDTCTL_H</name>
         <value>0x15d</value>
      </symbol>
      <symbol id="sm-2bf">
         <name>__TI_CINIT_Base</name>
         <value>0x8450</value>
      </symbol>
      <symbol id="sm-2c0">
         <name>__TI_CINIT_Limit</name>
         <value>0x8460</value>
      </symbol>
      <symbol id="sm-2c1">
         <name>__TI_Handler_Table_Base</name>
         <value>0x8448</value>
      </symbol>
      <symbol id="sm-2c2">
         <name>__TI_Handler_Table_Limit</name>
         <value>0x8450</value>
      </symbol>
      <symbol id="sm-2c3">
         <name>__STACK_SIZE</name>
         <value>0xa0</value>
      </symbol>
      <symbol id="sm-2c4">
         <name>__STACK_END</name>
         <value>0x6400</value>
      </symbol>
      <symbol id="sm-2c5">
         <name>__c_args__</name>
         <value>0xffffffff</value>
      </symbol>
      <symbol id="sm-2c6">
         <name>__TI_pprof_out_hndl</name>
         <value>0xffffffff</value>
      </symbol>
      <symbol id="sm-2c7">
         <name>__TI_prof_data_start</name>
         <value>0xffffffff</value>
      </symbol>
      <symbol id="sm-2c8">
         <name>__TI_prof_data_size</name>
         <value>0xffffffff</value>
      </symbol>
      <symbol id="sm-369">
         <name>AbstandRechts</name>
         <value>0x1e0e</value>
      </symbol>
      <symbol id="sm-36a">
         <name>AbstandLinks</name>
         <value>0x1e12</value>
      </symbol>
      <symbol id="sm-36b">
         <name>Bit_right</name>
         <value>0x1e40</value>
         <object_component_ref idref="oc-47e"/>
      </symbol>
      <symbol id="sm-36c">
         <name>drive</name>
         <value>0x1eb2</value>
         <object_component_ref idref="oc-475"/>
      </symbol>
      <symbol id="sm-36d">
         <name>main</name>
         <value>0x10000</value>
         <object_component_ref idref="oc-3fb"/>
      </symbol>
      <symbol id="sm-36e">
         <name>Bit_left</name>
         <value>0x1e16</value>
         <object_component_ref idref="oc-48d"/>
      </symbol>
      <symbol id="sm-36f">
         <name>drivestate</name>
         <value>0x1eb0</value>
         <object_component_ref idref="oc-475"/>
      </symbol>
      <symbol id="sm-370">
         <name>Values_side</name>
         <value>0x1e6a</value>
         <object_component_ref idref="oc-481"/>
      </symbol>
      <symbol id="sm-38b">
         <name>interp</name>
         <value>0x10826</value>
         <object_component_ref idref="oc-484"/>
      </symbol>
      <symbol id="sm-38c">
         <name>interpsearchindex</name>
         <value>0x101fe</value>
         <object_component_ref idref="oc-54b"/>
      </symbol>
      <symbol id="sm-3cc">
         <name>state_akt</name>
         <value>0x1e94</value>
         <object_component_ref idref="oc-53d"/>
      </symbol>
      <symbol id="sm-3cd">
         <name>Driver_SetSteering</name>
         <value>0x10c5e</value>
         <object_component_ref idref="oc-478"/>
      </symbol>
      <symbol id="sm-3ce">
         <name>Driver_SetThrottle</name>
         <value>0x1105a</value>
         <object_component_ref idref="oc-46f"/>
      </symbol>
      <symbol id="sm-3cf">
         <name>Driver_SetBack</name>
         <value>0x11018</value>
         <object_component_ref idref="oc-4a3"/>
      </symbol>
      <symbol id="sm-3d0">
         <name>Driver_ESCInit</name>
         <value>0x10fd0</value>
         <object_component_ref idref="oc-536"/>
      </symbol>
      <symbol id="sm-3d1">
         <name>Driver_PWMInit</name>
         <value>0x111fe</value>
         <object_component_ref idref="oc-5b3"/>
      </symbol>
      <symbol id="sm-3da">
         <name>Driver_Init</name>
         <value>0x11314</value>
         <object_component_ref idref="oc-469"/>
      </symbol>
      <symbol id="sm-43c">
         <name>Driver_LCD_WriteString</name>
         <value>0x109bc</value>
         <object_component_ref idref="oc-497"/>
      </symbol>
      <symbol id="sm-43d">
         <name>Driver_LCD_WriteCommand</name>
         <value>0x10d6a</value>
         <object_component_ref idref="oc-5a6"/>
      </symbol>
      <symbol id="sm-43e">
         <name>Driver_LCD_Clear</name>
         <value>0x10b26</value>
         <object_component_ref idref="oc-5ac"/>
      </symbol>
      <symbol id="sm-43f">
         <name>Driver_LCD_Init</name>
         <value>0x11142</value>
         <object_component_ref idref="oc-530"/>
      </symbol>
      <symbol id="sm-440">
         <name>Driver_LCD_SetPosition</name>
         <value>0x10f80</value>
         <object_component_ref idref="oc-56d"/>
      </symbol>
      <symbol id="sm-441">
         <name>font</name>
         <value>0x80fc</value>
         <object_component_ref idref="oc-573"/>
      </symbol>
      <symbol id="sm-442">
         <name>itoa</name>
         <value>0x10572</value>
         <object_component_ref idref="oc-57e"/>
      </symbol>
      <symbol id="sm-443">
         <name>Init2Arr</name>
         <value>0x1e9e</value>
         <object_component_ref idref="oc-5a3"/>
      </symbol>
      <symbol id="sm-444">
         <name>Driver_LCD_WriteUInt</name>
         <value>0x10478</value>
         <object_component_ref idref="oc-49d"/>
      </symbol>
      <symbol id="sm-47f">
         <name>Buttons</name>
         <value>0x1e14</value>
      </symbol>
      <symbol id="sm-480">
         <name>TIMERA_ISR</name>
         <value>0x80e6</value>
         <object_component_ref idref="oc-3c2"/>
      </symbol>
      <symbol id="sm-481">
         <name>TIMERB_ISR</name>
         <value>0x8086</value>
         <object_component_ref idref="oc-3ce"/>
      </symbol>
      <symbol id="sm-482">
         <name>initcounter</name>
         <value>0x1eaa</value>
         <object_component_ref idref="oc-430"/>
      </symbol>
      <symbol id="sm-483">
         <name>counterz</name>
         <value>0x1eac</value>
         <object_component_ref idref="oc-430"/>
      </symbol>
      <symbol id="sm-484">
         <name>DMA_ISR</name>
         <value>0x80d0</value>
         <object_component_ref idref="oc-3c8"/>
      </symbol>
      <symbol id="sm-485">
         <name>__TI_int49</name>
         <value>0xffe2</value>
         <object_component_ref idref="oc-85"/>
      </symbol>
      <symbol id="sm-486">
         <name>__TI_int47</name>
         <value>0xffde</value>
         <object_component_ref idref="oc-83"/>
      </symbol>
      <symbol id="sm-487">
         <name>__TI_int45</name>
         <value>0xffda</value>
         <object_component_ref idref="oc-81"/>
      </symbol>
      <symbol id="sm-488">
         <name>state</name>
         <value>0x1eae</value>
         <object_component_ref idref="oc-430"/>
      </symbol>
      <symbol id="sm-489">
         <name>__TI_int59</name>
         <value>0xfff6</value>
         <object_component_ref idref="oc-8f"/>
      </symbol>
      <symbol id="sm-48a">
         <name>__TI_int50</name>
         <value>0xffe4</value>
         <object_component_ref idref="oc-86"/>
      </symbol>
      <symbol id="sm-48b">
         <name>PORT1_ISR</name>
         <value>0x804e</value>
         <object_component_ref idref="oc-3bc"/>
      </symbol>
      <symbol id="sm-48c">
         <name>SteeringCalibC</name>
         <value>0x1ea8</value>
         <object_component_ref idref="oc-430"/>
      </symbol>
      <symbol id="sm-48d">
         <name>USCB_ISR</name>
         <value>0x8000</value>
         <object_component_ref idref="oc-3b6"/>
      </symbol>
      <symbol id="sm-49a">
         <name>ADC1</name>
         <value>0x1e04</value>
      </symbol>
      <symbol id="sm-49b">
         <name>HAL_Adc_init</name>
         <value>0x111a6</value>
         <object_component_ref idref="oc-4f3"/>
      </symbol>
      <symbol id="sm-4a4">
         <name>HAL_DMA_Init</name>
         <value>0x11174</value>
         <object_component_ref idref="oc-529"/>
      </symbol>
      <symbol id="sm-4b1">
         <name>SpiCom</name>
         <value>0x1c00</value>
      </symbol>
      <symbol id="sm-4b2">
         <name>HAL_Init</name>
         <value>0x11228</value>
         <object_component_ref idref="oc-463"/>
      </symbol>
      <symbol id="sm-4bb">
         <name>HAL_GPIO_Init</name>
         <value>0x10742</value>
         <object_component_ref idref="oc-505"/>
      </symbol>
      <symbol id="sm-4e9">
         <name>HAL_PMM_SetVCoreDown</name>
         <value>0x10a72</value>
         <object_component_ref idref="oc-5d9"/>
      </symbol>
      <symbol id="sm-4ea">
         <name>HAL_PMM_SetVCoreUp</name>
         <value>0x1065c</value>
         <object_component_ref idref="oc-5d3"/>
      </symbol>
      <symbol id="sm-4eb">
         <name>HAL_PMM_Init</name>
         <value>0x112f0</value>
         <object_component_ref idref="oc-4ff"/>
      </symbol>
      <symbol id="sm-4ec">
         <name>HAL_PMM_SetVCore</name>
         <value>0x10de0</value>
         <object_component_ref idref="oc-595"/>
      </symbol>
      <symbol id="sm-4f5">
         <name>HAL_TimerA1_Init</name>
         <value>0x1109c</value>
         <object_component_ref idref="oc-517"/>
      </symbol>
      <symbol id="sm-4fe">
         <name>HAL_TimerB0_Init</name>
         <value>0x11252</value>
         <object_component_ref idref="oc-511"/>
      </symbol>
      <symbol id="sm-508">
         <name>HAL_UCS_Init</name>
         <value>0x110d6</value>
         <object_component_ref idref="oc-50b"/>
      </symbol>
      <symbol id="sm-519">
         <name>HAL_USCIB1_Transmit</name>
         <value>0x1127a</value>
         <object_component_ref idref="oc-523"/>
      </symbol>
      <symbol id="sm-51a">
         <name>HAL_USCIB1_Init</name>
         <value>0x111d2</value>
         <object_component_ref idref="oc-51d"/>
      </symbol>
      <symbol id="sm-523">
         <name>HAL_Wdt_Init</name>
         <value>0x11324</value>
         <object_component_ref idref="oc-4f9"/>
      </symbol>
      <symbol id="sm-52b">
         <name>_stack</name>
         <value>0x6360</value>
         <object_component_ref idref="oc-393"/>
      </symbol>
      <symbol id="sm-52c">
         <name>_reset_vector</name>
         <value>0xfffe</value>
         <object_component_ref idref="oc-396"/>
      </symbol>
      <symbol id="sm-536">
         <name>_c_int00_noargs_noexit</name>
         <value>0x80b6</value>
         <object_component_ref idref="oc-b1"/>
      </symbol>
      <symbol id="sm-54c">
         <name>__TI_decompress_none</name>
         <value>0x11302</value>
         <object_component_ref idref="oc-6f"/>
      </symbol>
      <symbol id="sm-56e">
         <name>__TI_decompress_rle24</name>
         <value>0x11332</value>
         <object_component_ref idref="oc-75"/>
      </symbol>
      <symbol id="sm-579">
         <name>__mspabi_remu</name>
         <value>0x112c6</value>
         <object_component_ref idref="oc-5cc"/>
      </symbol>
      <symbol id="sm-57a">
         <name>__mspabi_divu</name>
         <value>0x112c6</value>
         <object_component_ref idref="oc-5cc"/>
      </symbol>
      <symbol id="sm-584">
         <name>C$$EXIT</name>
         <value>0x1132c</value>
         <object_component_ref idref="oc-403"/>
      </symbol>
      <symbol id="sm-585">
         <name>abort</name>
         <value>0x1132c</value>
         <object_component_ref idref="oc-403"/>
      </symbol>
      <symbol id="sm-5a1">
         <name>__mspabi_subf</name>
         <value>0x10346</value>
         <object_component_ref idref="oc-560"/>
      </symbol>
      <symbol id="sm-5a2">
         <name>__mspabi_addf</name>
         <value>0x1034c</value>
         <object_component_ref idref="oc-560"/>
      </symbol>
      <symbol id="sm-5b4">
         <name>__mspabi_divf</name>
         <value>0x10bce</value>
         <object_component_ref idref="oc-556"/>
      </symbol>
      <symbol id="sm-5c1">
         <name>__mspabi_fltif</name>
         <value>0x1110c</value>
         <object_component_ref idref="oc-551"/>
      </symbol>
      <symbol id="sm-5d8">
         <name>__mspabi_mpyf</name>
         <value>0x10904</value>
         <object_component_ref idref="oc-55b"/>
      </symbol>
      <symbol id="sm-5ea">
         <name>__mspabi_fixfi</name>
         <value>0x10eb2</value>
         <object_component_ref idref="oc-490"/>
      </symbol>
      <symbol id="sm-5ed">
         <name>__TI_int37</name>
         <value>0xffca</value>
         <object_component_ref idref="oc-7b"/>
      </symbol>
      <symbol id="sm-5f0">
         <name>__TI_int38</name>
         <value>0xffcc</value>
         <object_component_ref idref="oc-7c"/>
      </symbol>
      <symbol id="sm-5f3">
         <name>__TI_int39</name>
         <value>0xffce</value>
         <object_component_ref idref="oc-7d"/>
      </symbol>
      <symbol id="sm-5f6">
         <name>__TI_int40</name>
         <value>0xffd0</value>
         <object_component_ref idref="oc-7e"/>
      </symbol>
      <symbol id="sm-5f9">
         <name>__TI_int42</name>
         <value>0xffd4</value>
         <object_component_ref idref="oc-7f"/>
      </symbol>
      <symbol id="sm-5fc">
         <name>__TI_int44</name>
         <value>0xffd8</value>
         <object_component_ref idref="oc-80"/>
      </symbol>
      <symbol id="sm-5ff">
         <name>__TI_int46</name>
         <value>0xffdc</value>
         <object_component_ref idref="oc-82"/>
      </symbol>
      <symbol id="sm-602">
         <name>__TI_int48</name>
         <value>0xffe0</value>
         <object_component_ref idref="oc-84"/>
      </symbol>
      <symbol id="sm-605">
         <name>__TI_int51</name>
         <value>0xffe6</value>
         <object_component_ref idref="oc-87"/>
      </symbol>
      <symbol id="sm-608">
         <name>__TI_int52</name>
         <value>0xffe8</value>
         <object_component_ref idref="oc-88"/>
      </symbol>
      <symbol id="sm-60b">
         <name>__TI_int53</name>
         <value>0xffea</value>
         <object_component_ref idref="oc-89"/>
      </symbol>
      <symbol id="sm-60e">
         <name>__TI_int54</name>
         <value>0xffec</value>
         <object_component_ref idref="oc-8a"/>
      </symbol>
      <symbol id="sm-611">
         <name>__TI_int55</name>
         <value>0xffee</value>
         <object_component_ref idref="oc-8b"/>
      </symbol>
      <symbol id="sm-614">
         <name>__TI_int56</name>
         <value>0xfff0</value>
         <object_component_ref idref="oc-8c"/>
      </symbol>
      <symbol id="sm-617">
         <name>__TI_int57</name>
         <value>0xfff2</value>
         <object_component_ref idref="oc-8d"/>
      </symbol>
      <symbol id="sm-61a">
         <name>__TI_int58</name>
         <value>0xfff4</value>
         <object_component_ref idref="oc-8e"/>
      </symbol>
      <symbol id="sm-61d">
         <name>__TI_int60</name>
         <value>0xfff8</value>
         <object_component_ref idref="oc-90"/>
      </symbol>
      <symbol id="sm-620">
         <name>__TI_int61</name>
         <value>0xfffa</value>
         <object_component_ref idref="oc-91"/>
      </symbol>
      <symbol id="sm-623">
         <name>__TI_int62</name>
         <value>0xfffc</value>
         <object_component_ref idref="oc-92"/>
      </symbol>
      <symbol id="sm-62b">
         <name>__TI_ISR_TRAP</name>
         <value>0x80f4</value>
         <object_component_ref idref="oc-3b1"/>
      </symbol>
      <symbol id="sm-63e">
         <name>memcpy</name>
         <value>0x112dc</value>
         <object_component_ref idref="oc-397"/>
      </symbol>
      <symbol id="sm-64c">
         <name>memset</name>
         <value>0x112b0</value>
         <object_component_ref idref="oc-578"/>
      </symbol>
      <symbol id="sm-657">
         <name>__mspabi_mpyi_f5hw</name>
         <value>0x11298</value>
         <object_component_ref idref="oc-4c4"/>
      </symbol>
      <symbol id="sm-663">
         <name>_system_pre_init</name>
         <value>0x11338</value>
         <object_component_ref idref="oc-3db"/>
      </symbol>
      <symbol id="sm-687">
         <name>_auto_init_hold_wdt</name>
         <value>0x10ce8</value>
         <object_component_ref idref="oc-3e1"/>
      </symbol>
      <symbol id="sm-69d">
         <name>copy_in</name>
         <value>0x10f1a</value>
         <object_component_ref idref="oc-43c"/>
      </symbol>
      <symbol id="sm-6a6">
         <name>_system_post_cinit</name>
         <value>0x1133c</value>
         <object_component_ref idref="oc-442"/>
      </symbol>
      <symbol id="sm-6a8">
         <name>__TI_BINIT_Base</name>
         <value>0x0</value>
      </symbol>
      <symbol id="sm-6a9">
         <name>__TI_BINIT_Limit</name>
         <value>0x0</value>
      </symbol>
      <symbol id="sm-6aa">
         <name>__TI_INITARRAY_Base</name>
         <value>0x0</value>
      </symbol>
      <symbol id="sm-6ab">
         <name>__TI_INITARRAY_Limit</name>
         <value>0x0</value>
      </symbol>
   </symbol_table>
   <title>Link successful</title>
</link_info>
