<?xml version="1.0"?>
<link_info>
   <banner>MSP430 Linker PC v15.12.3.LTS</banner>
   <copyright>Copyright (c) 2003-2015 Texas Instruments Incorporated</copyright>
   <link_time>0x58922435</link_time>
   <link_errors>0x0</link_errors>
   <output_file>Port_config.out</output_file>
   <entry_point>
      <name>_c_int00_noargs_noexit</name>
      <address>0x8116</address>
   </entry_point>
   <input_file_list>
      <input_file id="fl-2">
         <path>.\</path>
         <kind>object</kind>
         <file>main.obj</file>
         <name>main.obj</name>
      </input_file>
      <input_file id="fl-3">
         <path>.\AL\</path>
         <kind>object</kind>
         <file>interp.obj</file>
         <name>interp.obj</name>
      </input_file>
      <input_file id="fl-4">
         <path>.\AL\</path>
         <kind>object</kind>
         <file>sense_read.obj</file>
         <name>sense_read.obj</name>
      </input_file>
      <input_file id="fl-5">
         <path>.\DL\</path>
         <kind>object</kind>
         <file>driver_aktorik.obj</file>
         <name>driver_aktorik.obj</name>
      </input_file>
      <input_file id="fl-6">
         <path>.\DL\</path>
         <kind>object</kind>
         <file>driver_general.obj</file>
         <name>driver_general.obj</name>
      </input_file>
      <input_file id="fl-7">
         <path>.\DL\</path>
         <kind>object</kind>
         <file>driver_lcd.obj</file>
         <name>driver_lcd.obj</name>
      </input_file>
      <input_file id="fl-8">
         <path>.\HAL\</path>
         <kind>object</kind>
         <file>Interrupts.obj</file>
         <name>Interrupts.obj</name>
      </input_file>
      <input_file id="fl-9">
         <path>.\HAL\</path>
         <kind>object</kind>
         <file>hal_adc12.obj</file>
         <name>hal_adc12.obj</name>
      </input_file>
      <input_file id="fl-a">
         <path>.\HAL\</path>
         <kind>object</kind>
         <file>hal_dma.obj</file>
         <name>hal_dma.obj</name>
      </input_file>
      <input_file id="fl-b">
         <path>.\HAL\</path>
         <kind>object</kind>
         <file>hal_general.obj</file>
         <name>hal_general.obj</name>
      </input_file>
      <input_file id="fl-c">
         <path>.\HAL\</path>
         <kind>object</kind>
         <file>hal_gpio.obj</file>
         <name>hal_gpio.obj</name>
      </input_file>
      <input_file id="fl-d">
         <path>.\HAL\</path>
         <kind>object</kind>
         <file>hal_pmm.obj</file>
         <name>hal_pmm.obj</name>
      </input_file>
      <input_file id="fl-e">
         <path>.\HAL\</path>
         <kind>object</kind>
         <file>hal_timerA0.obj</file>
         <name>hal_timerA0.obj</name>
      </input_file>
      <input_file id="fl-f">
         <path>.\HAL\</path>
         <kind>object</kind>
         <file>hal_timerA1.obj</file>
         <name>hal_timerA1.obj</name>
      </input_file>
      <input_file id="fl-10">
         <path>.\HAL\</path>
         <kind>object</kind>
         <file>hal_timerB0.obj</file>
         <name>hal_timerB0.obj</name>
      </input_file>
      <input_file id="fl-11">
         <path>.\HAL\</path>
         <kind>object</kind>
         <file>hal_usc.obj</file>
         <name>hal_usc.obj</name>
      </input_file>
      <input_file id="fl-12">
         <path>.\HAL\</path>
         <kind>object</kind>
         <file>hal_usciB1.obj</file>
         <name>hal_usciB1.obj</name>
      </input_file>
      <input_file id="fl-13">
         <path>.\HAL\</path>
         <kind>object</kind>
         <file>hal_wdt.obj</file>
         <name>hal_wdt.obj</name>
      </input_file>
      <input_file id="fl-34">
         <path>C:\ti\ccsv6\tools\compiler\msp430_15.12.3.LTS\lib\</path>
         <kind>archive</kind>
         <file>rts430x_lc_rd_eabi.lib</file>
         <name>addd.obj</name>
      </input_file>
      <input_file id="fl-35">
         <path>C:\ti\ccsv6\tools\compiler\msp430_15.12.3.LTS\lib\</path>
         <kind>archive</kind>
         <file>rts430x_lc_rd_eabi.lib</file>
         <name>boot.obj</name>
      </input_file>
      <input_file id="fl-36">
         <path>C:\ti\ccsv6\tools\compiler\msp430_15.12.3.LTS\lib\</path>
         <kind>archive</kind>
         <file>rts430x_lc_rd_eabi.lib</file>
         <name>boot_special.obj</name>
      </input_file>
      <input_file id="fl-37">
         <path>C:\ti\ccsv6\tools\compiler\msp430_15.12.3.LTS\lib\</path>
         <kind>archive</kind>
         <file>rts430x_lc_rd_eabi.lib</file>
         <name>cmpd.obj</name>
      </input_file>
      <input_file id="fl-38">
         <path>C:\ti\ccsv6\tools\compiler\msp430_15.12.3.LTS\lib\</path>
         <kind>archive</kind>
         <file>rts430x_lc_rd_eabi.lib</file>
         <name>copy_decompress_none.obj</name>
      </input_file>
      <input_file id="fl-39">
         <path>C:\ti\ccsv6\tools\compiler\msp430_15.12.3.LTS\lib\</path>
         <kind>archive</kind>
         <file>rts430x_lc_rd_eabi.lib</file>
         <name>copy_decompress_rle.obj</name>
      </input_file>
      <input_file id="fl-3a">
         <path>C:\ti\ccsv6\tools\compiler\msp430_15.12.3.LTS\lib\</path>
         <kind>archive</kind>
         <file>rts430x_lc_rd_eabi.lib</file>
         <name>copy_zero_init.obj</name>
      </input_file>
      <input_file id="fl-3b">
         <path>C:\ti\ccsv6\tools\compiler\msp430_15.12.3.LTS\lib\</path>
         <kind>archive</kind>
         <file>rts430x_lc_rd_eabi.lib</file>
         <name>cvtdf.obj</name>
      </input_file>
      <input_file id="fl-3c">
         <path>C:\ti\ccsv6\tools\compiler\msp430_15.12.3.LTS\lib\</path>
         <kind>archive</kind>
         <file>rts430x_lc_rd_eabi.lib</file>
         <name>cvtfd.obj</name>
      </input_file>
      <input_file id="fl-3d">
         <path>C:\ti\ccsv6\tools\compiler\msp430_15.12.3.LTS\lib\</path>
         <kind>archive</kind>
         <file>rts430x_lc_rd_eabi.lib</file>
         <name>div16u.obj</name>
      </input_file>
      <input_file id="fl-3e">
         <path>C:\ti\ccsv6\tools\compiler\msp430_15.12.3.LTS\lib\</path>
         <kind>archive</kind>
         <file>rts430x_lc_rd_eabi.lib</file>
         <name>div32s.obj</name>
      </input_file>
      <input_file id="fl-3f">
         <path>C:\ti\ccsv6\tools\compiler\msp430_15.12.3.LTS\lib\</path>
         <kind>archive</kind>
         <file>rts430x_lc_rd_eabi.lib</file>
         <name>div32u.obj</name>
      </input_file>
      <input_file id="fl-40">
         <path>C:\ti\ccsv6\tools\compiler\msp430_15.12.3.LTS\lib\</path>
         <kind>archive</kind>
         <file>rts430x_lc_rd_eabi.lib</file>
         <name>exit.obj</name>
      </input_file>
      <input_file id="fl-41">
         <path>C:\ti\ccsv6\tools\compiler\msp430_15.12.3.LTS\lib\</path>
         <kind>archive</kind>
         <file>rts430x_lc_rd_eabi.lib</file>
         <name>exit_gvars.obj</name>
      </input_file>
      <input_file id="fl-42">
         <path>C:\ti\ccsv6\tools\compiler\msp430_15.12.3.LTS\lib\</path>
         <kind>archive</kind>
         <file>rts430x_lc_rd_eabi.lib</file>
         <name>fixdi.obj</name>
      </input_file>
      <input_file id="fl-43">
         <path>C:\ti\ccsv6\tools\compiler\msp430_15.12.3.LTS\lib\</path>
         <kind>archive</kind>
         <file>rts430x_lc_rd_eabi.lib</file>
         <name>fixdli.obj</name>
      </input_file>
      <input_file id="fl-44">
         <path>C:\ti\ccsv6\tools\compiler\msp430_15.12.3.LTS\lib\</path>
         <kind>archive</kind>
         <file>rts430x_lc_rd_eabi.lib</file>
         <name>fltid.obj</name>
      </input_file>
      <input_file id="fl-45">
         <path>C:\ti\ccsv6\tools\compiler\msp430_15.12.3.LTS\lib\</path>
         <kind>archive</kind>
         <file>rts430x_lc_rd_eabi.lib</file>
         <name>fltlid.obj</name>
      </input_file>
      <input_file id="fl-46">
         <path>C:\ti\ccsv6\tools\compiler\msp430_15.12.3.LTS\lib\</path>
         <kind>archive</kind>
         <file>rts430x_lc_rd_eabi.lib</file>
         <name>frcaddd.obj</name>
      </input_file>
      <input_file id="fl-47">
         <path>C:\ti\ccsv6\tools\compiler\msp430_15.12.3.LTS\lib\</path>
         <kind>archive</kind>
         <file>rts430x_lc_rd_eabi.lib</file>
         <name>fs_add.obj</name>
      </input_file>
      <input_file id="fl-48">
         <path>C:\ti\ccsv6\tools\compiler\msp430_15.12.3.LTS\lib\</path>
         <kind>archive</kind>
         <file>rts430x_lc_rd_eabi.lib</file>
         <name>fs_cmp.obj</name>
      </input_file>
      <input_file id="fl-49">
         <path>C:\ti\ccsv6\tools\compiler\msp430_15.12.3.LTS\lib\</path>
         <kind>archive</kind>
         <file>rts430x_lc_rd_eabi.lib</file>
         <name>fs_div.obj</name>
      </input_file>
      <input_file id="fl-4a">
         <path>C:\ti\ccsv6\tools\compiler\msp430_15.12.3.LTS\lib\</path>
         <kind>archive</kind>
         <file>rts430x_lc_rd_eabi.lib</file>
         <name>fs_itof.obj</name>
      </input_file>
      <input_file id="fl-4b">
         <path>C:\ti\ccsv6\tools\compiler\msp430_15.12.3.LTS\lib\</path>
         <kind>archive</kind>
         <file>rts430x_lc_rd_eabi.lib</file>
         <name>fs_mpy.obj</name>
      </input_file>
      <input_file id="fl-4c">
         <path>C:\ti\ccsv6\tools\compiler\msp430_15.12.3.LTS\lib\</path>
         <kind>archive</kind>
         <file>rts430x_lc_rd_eabi.lib</file>
         <name>fs_neg.obj</name>
      </input_file>
      <input_file id="fl-4d">
         <path>C:\ti\ccsv6\tools\compiler\msp430_15.12.3.LTS\lib\</path>
         <kind>archive</kind>
         <file>rts430x_lc_rd_eabi.lib</file>
         <name>fs_toi.obj</name>
      </input_file>
      <input_file id="fl-4e">
         <path>C:\ti\ccsv6\tools\compiler\msp430_15.12.3.LTS\lib\</path>
         <kind>archive</kind>
         <file>rts430x_lc_rd_eabi.lib</file>
         <name>fs_ultof.obj</name>
      </input_file>
      <input_file id="fl-4f">
         <path>C:\ti\ccsv6\tools\compiler\msp430_15.12.3.LTS\lib\</path>
         <kind>archive</kind>
         <file>rts430x_lc_rd_eabi.lib</file>
         <name>int37.obj</name>
      </input_file>
      <input_file id="fl-50">
         <path>C:\ti\ccsv6\tools\compiler\msp430_15.12.3.LTS\lib\</path>
         <kind>archive</kind>
         <file>rts430x_lc_rd_eabi.lib</file>
         <name>int38.obj</name>
      </input_file>
      <input_file id="fl-51">
         <path>C:\ti\ccsv6\tools\compiler\msp430_15.12.3.LTS\lib\</path>
         <kind>archive</kind>
         <file>rts430x_lc_rd_eabi.lib</file>
         <name>int39.obj</name>
      </input_file>
      <input_file id="fl-52">
         <path>C:\ti\ccsv6\tools\compiler\msp430_15.12.3.LTS\lib\</path>
         <kind>archive</kind>
         <file>rts430x_lc_rd_eabi.lib</file>
         <name>int40.obj</name>
      </input_file>
      <input_file id="fl-53">
         <path>C:\ti\ccsv6\tools\compiler\msp430_15.12.3.LTS\lib\</path>
         <kind>archive</kind>
         <file>rts430x_lc_rd_eabi.lib</file>
         <name>int42.obj</name>
      </input_file>
      <input_file id="fl-54">
         <path>C:\ti\ccsv6\tools\compiler\msp430_15.12.3.LTS\lib\</path>
         <kind>archive</kind>
         <file>rts430x_lc_rd_eabi.lib</file>
         <name>int44.obj</name>
      </input_file>
      <input_file id="fl-55">
         <path>C:\ti\ccsv6\tools\compiler\msp430_15.12.3.LTS\lib\</path>
         <kind>archive</kind>
         <file>rts430x_lc_rd_eabi.lib</file>
         <name>int46.obj</name>
      </input_file>
      <input_file id="fl-56">
         <path>C:\ti\ccsv6\tools\compiler\msp430_15.12.3.LTS\lib\</path>
         <kind>archive</kind>
         <file>rts430x_lc_rd_eabi.lib</file>
         <name>int48.obj</name>
      </input_file>
      <input_file id="fl-57">
         <path>C:\ti\ccsv6\tools\compiler\msp430_15.12.3.LTS\lib\</path>
         <kind>archive</kind>
         <file>rts430x_lc_rd_eabi.lib</file>
         <name>int51.obj</name>
      </input_file>
      <input_file id="fl-58">
         <path>C:\ti\ccsv6\tools\compiler\msp430_15.12.3.LTS\lib\</path>
         <kind>archive</kind>
         <file>rts430x_lc_rd_eabi.lib</file>
         <name>int53.obj</name>
      </input_file>
      <input_file id="fl-59">
         <path>C:\ti\ccsv6\tools\compiler\msp430_15.12.3.LTS\lib\</path>
         <kind>archive</kind>
         <file>rts430x_lc_rd_eabi.lib</file>
         <name>int54.obj</name>
      </input_file>
      <input_file id="fl-5a">
         <path>C:\ti\ccsv6\tools\compiler\msp430_15.12.3.LTS\lib\</path>
         <kind>archive</kind>
         <file>rts430x_lc_rd_eabi.lib</file>
         <name>int55.obj</name>
      </input_file>
      <input_file id="fl-5b">
         <path>C:\ti\ccsv6\tools\compiler\msp430_15.12.3.LTS\lib\</path>
         <kind>archive</kind>
         <file>rts430x_lc_rd_eabi.lib</file>
         <name>int56.obj</name>
      </input_file>
      <input_file id="fl-5c">
         <path>C:\ti\ccsv6\tools\compiler\msp430_15.12.3.LTS\lib\</path>
         <kind>archive</kind>
         <file>rts430x_lc_rd_eabi.lib</file>
         <name>int57.obj</name>
      </input_file>
      <input_file id="fl-5d">
         <path>C:\ti\ccsv6\tools\compiler\msp430_15.12.3.LTS\lib\</path>
         <kind>archive</kind>
         <file>rts430x_lc_rd_eabi.lib</file>
         <name>int58.obj</name>
      </input_file>
      <input_file id="fl-5e">
         <path>C:\ti\ccsv6\tools\compiler\msp430_15.12.3.LTS\lib\</path>
         <kind>archive</kind>
         <file>rts430x_lc_rd_eabi.lib</file>
         <name>int60.obj</name>
      </input_file>
      <input_file id="fl-5f">
         <path>C:\ti\ccsv6\tools\compiler\msp430_15.12.3.LTS\lib\</path>
         <kind>archive</kind>
         <file>rts430x_lc_rd_eabi.lib</file>
         <name>int61.obj</name>
      </input_file>
      <input_file id="fl-60">
         <path>C:\ti\ccsv6\tools\compiler\msp430_15.12.3.LTS\lib\</path>
         <kind>archive</kind>
         <file>rts430x_lc_rd_eabi.lib</file>
         <name>int62.obj</name>
      </input_file>
      <input_file id="fl-61">
         <path>C:\ti\ccsv6\tools\compiler\msp430_15.12.3.LTS\lib\</path>
         <kind>archive</kind>
         <file>rts430x_lc_rd_eabi.lib</file>
         <name>isr_trap.obj</name>
      </input_file>
      <input_file id="fl-62">
         <path>C:\ti\ccsv6\tools\compiler\msp430_15.12.3.LTS\lib\</path>
         <kind>archive</kind>
         <file>rts430x_lc_rd_eabi.lib</file>
         <name>lsl32.obj</name>
      </input_file>
      <input_file id="fl-63">
         <path>C:\ti\ccsv6\tools\compiler\msp430_15.12.3.LTS\lib\</path>
         <kind>archive</kind>
         <file>rts430x_lc_rd_eabi.lib</file>
         <name>lsr32.obj</name>
      </input_file>
      <input_file id="fl-64">
         <path>C:\ti\ccsv6\tools\compiler\msp430_15.12.3.LTS\lib\</path>
         <kind>archive</kind>
         <file>rts430x_lc_rd_eabi.lib</file>
         <name>lsr64.obj</name>
      </input_file>
      <input_file id="fl-65">
         <path>C:\ti\ccsv6\tools\compiler\msp430_15.12.3.LTS\lib\</path>
         <kind>archive</kind>
         <file>rts430x_lc_rd_eabi.lib</file>
         <name>memcpy.obj</name>
      </input_file>
      <input_file id="fl-66">
         <path>C:\ti\ccsv6\tools\compiler\msp430_15.12.3.LTS\lib\</path>
         <kind>archive</kind>
         <file>rts430x_lc_rd_eabi.lib</file>
         <name>memset.obj</name>
      </input_file>
      <input_file id="fl-67">
         <path>C:\ti\ccsv6\tools\compiler\msp430_15.12.3.LTS\lib\</path>
         <kind>archive</kind>
         <file>rts430x_lc_rd_eabi.lib</file>
         <name>mpu_init.obj</name>
      </input_file>
      <input_file id="fl-68">
         <path>C:\ti\ccsv6\tools\compiler\msp430_15.12.3.LTS\lib\</path>
         <kind>archive</kind>
         <file>rts430x_lc_rd_eabi.lib</file>
         <name>mpyd.obj</name>
      </input_file>
      <input_file id="fl-69">
         <path>C:\ti\ccsv6\tools\compiler\msp430_15.12.3.LTS\lib\</path>
         <kind>archive</kind>
         <file>rts430x_lc_rd_eabi.lib</file>
         <name>mult16.obj</name>
      </input_file>
      <input_file id="fl-6a">
         <path>C:\ti\ccsv6\tools\compiler\msp430_15.12.3.LTS\lib\</path>
         <kind>archive</kind>
         <file>rts430x_lc_rd_eabi.lib</file>
         <name>mult1632_f5hw.obj</name>
      </input_file>
      <input_file id="fl-6b">
         <path>C:\ti\ccsv6\tools\compiler\msp430_15.12.3.LTS\lib\</path>
         <kind>archive</kind>
         <file>rts430x_lc_rd_eabi.lib</file>
         <name>mult16_f5hw.obj</name>
      </input_file>
      <input_file id="fl-6c">
         <path>C:\ti\ccsv6\tools\compiler\msp430_15.12.3.LTS\lib\</path>
         <kind>archive</kind>
         <file>rts430x_lc_rd_eabi.lib</file>
         <name>mult3264_f5hw.obj</name>
      </input_file>
      <input_file id="fl-6d">
         <path>C:\ti\ccsv6\tools\compiler\msp430_15.12.3.LTS\lib\</path>
         <kind>archive</kind>
         <file>rts430x_lc_rd_eabi.lib</file>
         <name>mult32_f5hw.obj</name>
      </input_file>
      <input_file id="fl-6e">
         <path>C:\ti\ccsv6\tools\compiler\msp430_15.12.3.LTS\lib\</path>
         <kind>archive</kind>
         <file>rts430x_lc_rd_eabi.lib</file>
         <name>mult64_f5hw.obj</name>
      </input_file>
      <input_file id="fl-6f">
         <path>C:\ti\ccsv6\tools\compiler\msp430_15.12.3.LTS\lib\</path>
         <kind>archive</kind>
         <file>rts430x_lc_rd_eabi.lib</file>
         <name>pre_init.obj</name>
      </input_file>
      <input_file id="fl-70">
         <path>C:\ti\ccsv6\tools\compiler\msp430_15.12.3.LTS\lib\</path>
         <kind>archive</kind>
         <file>rts430x_lc_rd_eabi.lib</file>
         <name>renormd.obj</name>
      </input_file>
      <input_file id="fl-71">
         <path>C:\ti\ccsv6\tools\compiler\msp430_15.12.3.LTS\lib\</path>
         <kind>archive</kind>
         <file>rts430x_lc_rd_eabi.lib</file>
         <name>_lock.obj</name>
      </input_file>
      <input_file id="fl-72">
         <path>C:\ti\ccsv6\tools\compiler\msp430_15.12.3.LTS\lib\</path>
         <kind>archive</kind>
         <file>rts430x_lc_rd_eabi.lib</file>
         <name>args_main.obj</name>
      </input_file>
      <input_file id="fl-73">
         <path>C:\ti\ccsv6\tools\compiler\msp430_15.12.3.LTS\lib\</path>
         <kind>archive</kind>
         <file>rts430x_lc_rd_eabi.lib</file>
         <name>asr32.obj</name>
      </input_file>
      <input_file id="fl-74">
         <path>C:\ti\ccsv6\tools\compiler\msp430_15.12.3.LTS\lib\</path>
         <kind>archive</kind>
         <file>rts430x_lc_rd_eabi.lib</file>
         <name>autoinit_wdt.obj</name>
      </input_file>
      <input_file id="fl-75">
         <path>C:\ti\ccsv6\tools\compiler\msp430_15.12.3.LTS\lib\</path>
         <kind>archive</kind>
         <file>rts430x_lc_rd_eabi.lib</file>
         <name>cpy_tbl.obj</name>
      </input_file>
      <input_file id="fl-76">
         <path>C:\ti\ccsv6\tools\compiler\msp430_15.12.3.LTS\lib\</path>
         <kind>archive</kind>
         <file>rts430x_lc_rd_eabi.lib</file>
         <name>frcmpyd.obj</name>
      </input_file>
      <input_file id="fl-77">
         <path>C:\ti\ccsv6\tools\compiler\msp430_15.12.3.LTS\lib\</path>
         <kind>archive</kind>
         <file>rts430x_lc_rd_eabi.lib</file>
         <name>mult32.obj</name>
      </input_file>
      <input_file id="fl-78">
         <path>C:\ti\ccsv6\tools\compiler\msp430_15.12.3.LTS\lib\</path>
         <kind>archive</kind>
         <file>rts430x_lc_rd_eabi.lib</file>
         <name>startup.obj</name>
      </input_file>
   </input_file_list>
   <object_component_list>
      <object_component id="oc-494">
         <name>.common:AbstandRechts</name>
         <uninitialized>true</uninitialized>
         <run_address>0x31d0</run_address>
         <size>0x2</size>
      </object_component>
      <object_component id="oc-491">
         <name>.common:AbstandLinks</name>
         <uninitialized>true</uninitialized>
         <run_address>0x31ce</run_address>
         <size>0x2</size>
      </object_component>
      <object_component id="oc-495">
         <name>.common:AbstandFront</name>
         <uninitialized>true</uninitialized>
         <run_address>0x31cc</run_address>
         <size>0x2</size>
      </object_component>
      <object_component id="oc-4af">
         <name>.common:dFront</name>
         <uninitialized>true</uninitialized>
         <run_address>0x31d4</run_address>
         <size>0x2</size>
      </object_component>
      <object_component id="oc-4ad">
         <name>.common:dLeft</name>
         <uninitialized>true</uninitialized>
         <run_address>0x31d6</run_address>
         <size>0x2</size>
      </object_component>
      <object_component id="oc-4ae">
         <name>.common:dRight</name>
         <uninitialized>true</uninitialized>
         <run_address>0x31d8</run_address>
         <size>0x2</size>
      </object_component>
      <object_component id="oc-4f6">
         <name>.common:lastturn</name>
         <uninitialized>true</uninitialized>
         <run_address>0x31da</run_address>
         <size>0x2</size>
      </object_component>
      <object_component id="oc-432">
         <name>.common:Buttons</name>
         <uninitialized>true</uninitialized>
         <run_address>0x31d2</run_address>
         <size>0x2</size>
      </object_component>
      <object_component id="oc-43a">
         <name>.common:ADC1</name>
         <uninitialized>true</uninitialized>
         <run_address>0x31c2</run_address>
         <size>0xa</size>
      </object_component>
      <object_component id="oc-42e">
         <name>.common:SpiCom</name>
         <uninitialized>true</uninitialized>
         <run_address>0x2fbe</run_address>
         <size>0x204</size>
      </object_component>
      <object_component id="oc-47c">
         <name>.data</name>
         <load_address>0x2f38</load_address>
         <run_address>0x2f38</run_address>
         <size>0x4a</size>
         <input_file_ref idref="fl-2"/>
      </object_component>
      <object_component id="oc-5c1">
         <name>.data:sense_left</name>
         <load_address>0x1c00</load_address>
         <run_address>0x1c00</run_address>
         <size>0x668</size>
         <input_file_ref idref="fl-4"/>
      </object_component>
      <object_component id="oc-5bc">
         <name>.data:sense_right</name>
         <load_address>0x28d0</load_address>
         <run_address>0x28d0</run_address>
         <size>0x668</size>
         <input_file_ref idref="fl-4"/>
      </object_component>
      <object_component id="oc-5c5">
         <name>.data:sense_mid</name>
         <load_address>0x2268</load_address>
         <run_address>0x2268</run_address>
         <size>0x668</size>
         <input_file_ref idref="fl-4"/>
      </object_component>
      <object_component id="oc-5a2">
         <name>.data</name>
         <load_address>0x2faa</load_address>
         <run_address>0x2faa</run_address>
         <size>0xa</size>
         <input_file_ref idref="fl-5"/>
      </object_component>
      <object_component id="oc-63b">
         <name>.data:Init2Arr</name>
         <load_address>0x2fb4</load_address>
         <run_address>0x2fb4</run_address>
         <size>0x9</size>
         <input_file_ref idref="fl-7"/>
      </object_component>
      <object_component id="oc-436">
         <name>.data</name>
         <load_address>0x2f82</load_address>
         <run_address>0x2f82</run_address>
         <size>0x28</size>
         <input_file_ref idref="fl-8"/>
      </object_component>
      <object_component id="oc-393">
         <name>.stack</name>
         <uninitialized>true</uninitialized>
         <run_address>0x6360</run_address>
         <size>0x4</size>
         <input_file_ref idref="fl-35"/>
      </object_component>
      <object_component id="oc-738">
         <name>.stack</name>
         <uninitialized>true</uninitialized>
         <run_address>0x6360</run_address>
         <size>0x0</size>
      </object_component>
      <object_component id="oc-401">
         <name>.text:main</name>
         <load_address>0x10000</load_address>
         <run_address>0x10000</run_address>
         <size>0x1040</size>
         <input_file_ref idref="fl-2"/>
      </object_component>
      <object_component id="oc-5ec">
         <name>.text:__TI_frcmpyd</name>
         <load_address>0x11040</load_address>
         <run_address>0x11040</run_address>
         <size>0x2e4</size>
         <input_file_ref idref="fl-76"/>
      </object_component>
      <object_component id="oc-4cf">
         <name>.text:__mspabi_addd</name>
         <load_address>0x11324</load_address>
         <run_address>0x11324</run_address>
         <size>0x2d8</size>
         <input_file_ref idref="fl-34"/>
      </object_component>
      <object_component id="oc-4c3">
         <name>.text:__mspabi_mpyd</name>
         <load_address>0x115fc</load_address>
         <run_address>0x115fc</run_address>
         <size>0x282</size>
         <input_file_ref idref="fl-68"/>
      </object_component>
      <object_component id="oc-600">
         <name>.text:__TI_frcaddd</name>
         <load_address>0x1187e</load_address>
         <run_address>0x1187e</run_address>
         <size>0x252</size>
         <input_file_ref idref="fl-46"/>
      </object_component>
      <object_component id="oc-484">
         <name>.text</name>
         <load_address>0x11ad0</load_address>
         <run_address>0x11ad0</run_address>
         <size>0x132</size>
         <input_file_ref idref="fl-47"/>
      </object_component>
      <object_component id="oc-4b7">
         <name>.text:Driver_LCD_WriteUInt</name>
         <load_address>0x11c02</load_address>
         <run_address>0x11c02</run_address>
         <size>0xfa</size>
         <input_file_ref idref="fl-7"/>
      </object_component>
      <object_component id="oc-5da">
         <name>.text:itoa</name>
         <load_address>0x11cfc</load_address>
         <run_address>0x11cfc</run_address>
         <size>0xea</size>
         <input_file_ref idref="fl-7"/>
      </object_component>
      <object_component id="oc-69f">
         <name>.text:HAL_PMM_SetVCoreUp</name>
         <load_address>0x11de6</load_address>
         <run_address>0x11de6</run_address>
         <size>0xe6</size>
         <input_file_ref idref="fl-d"/>
      </object_component>
      <object_component id="oc-552">
         <name>.text:HAL_GPIO_Init</name>
         <load_address>0x11ecc</load_address>
         <run_address>0x11ecc</run_address>
         <size>0xe4</size>
         <input_file_ref idref="fl-c"/>
      </object_component>
      <object_component id="oc-4df">
         <name>.text:__mspabi_cmpd</name>
         <load_address>0x11fb0</load_address>
         <run_address>0x11fb0</run_address>
         <size>0xd8</size>
         <input_file_ref idref="fl-37"/>
      </object_component>
      <object_component id="oc-48c">
         <name>.text</name>
         <load_address>0x12088</load_address>
         <run_address>0x12088</run_address>
         <size>0xb8</size>
         <input_file_ref idref="fl-4b"/>
      </object_component>
      <object_component id="oc-4b1">
         <name>.text:Driver_LCD_WriteString</name>
         <load_address>0x12140</load_address>
         <run_address>0x12140</run_address>
         <size>0xb6</size>
         <input_file_ref idref="fl-7"/>
      </object_component>
      <object_component id="oc-6a5">
         <name>.text:HAL_PMM_SetVCoreDown</name>
         <load_address>0x121f6</load_address>
         <run_address>0x121f6</run_address>
         <size>0xb4</size>
         <input_file_ref idref="fl-d"/>
      </object_component>
      <object_component id="oc-692">
         <name>.text:__TI_renormd</name>
         <load_address>0x122aa</load_address>
         <run_address>0x122aa</run_address>
         <size>0xb2</size>
         <input_file_ref idref="fl-70"/>
      </object_component>
      <object_component id="oc-644">
         <name>.text:Driver_LCD_Clear</name>
         <load_address>0x1235c</load_address>
         <run_address>0x1235c</run_address>
         <size>0xa8</size>
         <input_file_ref idref="fl-7"/>
      </object_component>
      <object_component id="oc-60f">
         <name>.text:__mspabi_fltlid</name>
         <load_address>0x12404</load_address>
         <run_address>0x12404</run_address>
         <size>0x9e</size>
         <input_file_ref idref="fl-45"/>
      </object_component>
      <object_component id="oc-4da">
         <name>.text</name>
         <load_address>0x124a2</load_address>
         <run_address>0x124a2</run_address>
         <size>0x90</size>
         <input_file_ref idref="fl-49"/>
      </object_component>
      <object_component id="oc-4c9">
         <name>.text:__mspabi_cvtdf</name>
         <load_address>0x12532</load_address>
         <run_address>0x12532</run_address>
         <size>0x8c</size>
         <input_file_ref idref="fl-3b"/>
      </object_component>
      <object_component id="oc-476">
         <name>.text:Driver_SetSteering</name>
         <load_address>0x125be</load_address>
         <run_address>0x125be</run_address>
         <size>0x8a</size>
         <input_file_ref idref="fl-5"/>
      </object_component>
      <object_component id="oc-3e7">
         <name>.text:_auto_init_hold_wdt</name>
         <load_address>0x12648</load_address>
         <run_address>0x12648</run_address>
         <size>0x82</size>
         <input_file_ref idref="fl-74"/>
      </object_component>
      <object_component id="oc-63e">
         <name>.text:Driver_LCD_WriteCommand</name>
         <load_address>0x126ca</load_address>
         <run_address>0x126ca</run_address>
         <size>0x76</size>
         <input_file_ref idref="fl-7"/>
      </object_component>
      <object_component id="oc-4bd">
         <name>.text:__mspabi_cvtfd</name>
         <load_address>0x12740</load_address>
         <run_address>0x12740</run_address>
         <size>0x6e</size>
         <input_file_ref idref="fl-3c"/>
      </object_component>
      <object_component id="oc-62b">
         <name>.text:HAL_PMM_SetVCore</name>
         <load_address>0x127ae</load_address>
         <run_address>0x127ae</run_address>
         <size>0x6a</size>
         <input_file_ref idref="fl-d"/>
      </object_component>
      <object_component id="oc-3a4">
         <name>.text:__TI_decompress_rle_core</name>
         <load_address>0x12818</load_address>
         <run_address>0x12818</run_address>
         <size>0x68</size>
         <input_file_ref idref="fl-39"/>
      </object_component>
      <object_component id="oc-49c">
         <name>.text</name>
         <load_address>0x12880</load_address>
         <run_address>0x12880</run_address>
         <size>0x68</size>
         <input_file_ref idref="fl-4d"/>
      </object_component>
      <object_component id="oc-616">
         <name>.text:__mspabi_fixdli</name>
         <load_address>0x128e8</load_address>
         <run_address>0x128e8</run_address>
         <size>0x66</size>
         <input_file_ref idref="fl-43"/>
      </object_component>
      <object_component id="oc-443">
         <name>.text:copy_in</name>
         <load_address>0x1294e</load_address>
         <run_address>0x1294e</run_address>
         <size>0x66</size>
         <input_file_ref idref="fl-75"/>
      </object_component>
      <object_component id="oc-656">
         <name>.text</name>
         <load_address>0x129b4</load_address>
         <run_address>0x129b4</run_address>
         <size>0x58</size>
         <input_file_ref idref="fl-3f"/>
      </object_component>
      <object_component id="oc-5c9">
         <name>.text:Driver_LCD_SetPosition</name>
         <load_address>0x12a0c</load_address>
         <run_address>0x12a0c</run_address>
         <size>0x50</size>
         <input_file_ref idref="fl-7"/>
      </object_component>
      <object_component id="oc-47f">
         <name>.text</name>
         <load_address>0x12a5c</load_address>
         <run_address>0x12a5c</run_address>
         <size>0x4a</size>
         <input_file_ref idref="fl-48"/>
      </object_component>
      <object_component id="oc-59b">
         <name>.text:Driver_ESCInit</name>
         <load_address>0x12aa6</load_address>
         <run_address>0x12aa6</run_address>
         <size>0x48</size>
         <input_file_ref idref="fl-5"/>
      </object_component>
      <object_component id="oc-4f0">
         <name>.text:Driver_SetBack</name>
         <load_address>0x12aee</load_address>
         <run_address>0x12aee</run_address>
         <size>0x42</size>
         <input_file_ref idref="fl-5"/>
      </object_component>
      <object_component id="oc-4ea">
         <name>.text:Driver_SetThrottle</name>
         <load_address>0x12b30</load_address>
         <run_address>0x12b30</run_address>
         <size>0x42</size>
         <input_file_ref idref="fl-5"/>
      </object_component>
      <object_component id="oc-5b7">
         <name>.text</name>
         <load_address>0x12b72</load_address>
         <run_address>0x12b72</run_address>
         <size>0x40</size>
         <input_file_ref idref="fl-3e"/>
      </object_component>
      <object_component id="oc-5e1">
         <name>.text:l_asr_const</name>
         <load_address>0x12bb2</load_address>
         <run_address>0x12bb2</run_address>
         <size>0x3e</size>
         <input_file_ref idref="fl-73"/>
      </object_component>
      <object_component id="oc-5f9">
         <name>.text:l_lsl_const</name>
         <load_address>0x12bf0</load_address>
         <run_address>0x12bf0</run_address>
         <size>0x3e</size>
         <input_file_ref idref="fl-62"/>
      </object_component>
      <object_component id="oc-672">
         <name>.text:l_lsr_const</name>
         <load_address>0x12c2e</load_address>
         <run_address>0x12c2e</run_address>
         <size>0x3e</size>
         <input_file_ref idref="fl-63"/>
      </object_component>
      <object_component id="oc-56a">
         <name>.text:HAL_TimerA1_Init</name>
         <load_address>0x12c6c</load_address>
         <run_address>0x12c6c</run_address>
         <size>0x3a</size>
         <input_file_ref idref="fl-f"/>
      </object_component>
      <object_component id="oc-55e">
         <name>.text:HAL_UCS_Init</name>
         <load_address>0x12ca6</load_address>
         <run_address>0x12ca6</run_address>
         <size>0x36</size>
         <input_file_ref idref="fl-11"/>
      </object_component>
      <object_component id="oc-4f7">
         <name>.text</name>
         <load_address>0x12cdc</load_address>
         <run_address>0x12cdc</run_address>
         <size>0x36</size>
         <input_file_ref idref="fl-4a"/>
      </object_component>
      <object_component id="oc-595">
         <name>.text:Driver_LCD_Init</name>
         <load_address>0x12d12</load_address>
         <run_address>0x12d12</run_address>
         <size>0x32</size>
         <input_file_ref idref="fl-7"/>
      </object_component>
      <object_component id="oc-588">
         <name>.text:HAL_DMA_Init</name>
         <load_address>0x12d44</load_address>
         <run_address>0x12d44</run_address>
         <size>0x32</size>
         <input_file_ref idref="fl-a"/>
      </object_component>
      <object_component id="oc-4d5">
         <name>.text</name>
         <load_address>0x12d76</load_address>
         <run_address>0x12d76</run_address>
         <size>0x32</size>
         <input_file_ref idref="fl-4e"/>
      </object_component>
      <object_component id="oc-46a">
         <name>.text:HAL_Init</name>
         <load_address>0x12da8</load_address>
         <run_address>0x12da8</run_address>
         <size>0x2e</size>
         <input_file_ref idref="fl-b"/>
      </object_component>
      <object_component id="oc-582">
         <name>.text:HAL_Adc_init</name>
         <load_address>0x12dd6</load_address>
         <run_address>0x12dd6</run_address>
         <size>0x2c</size>
         <input_file_ref idref="fl-9"/>
      </object_component>
      <object_component id="oc-570">
         <name>.text:HAL_USCIB1_Init</name>
         <load_address>0x12e02</load_address>
         <run_address>0x12e02</run_address>
         <size>0x2c</size>
         <input_file_ref idref="fl-12"/>
      </object_component>
      <object_component id="oc-4a1">
         <name>.text:Distleft</name>
         <load_address>0x12e2e</load_address>
         <run_address>0x12e2e</run_address>
         <size>0x2a</size>
         <input_file_ref idref="fl-4"/>
      </object_component>
      <object_component id="oc-4a7">
         <name>.text:Distmid</name>
         <load_address>0x12e58</load_address>
         <run_address>0x12e58</run_address>
         <size>0x2a</size>
         <input_file_ref idref="fl-4"/>
      </object_component>
      <object_component id="oc-496">
         <name>.text:Distright</name>
         <load_address>0x12e82</load_address>
         <run_address>0x12e82</run_address>
         <size>0x2a</size>
         <input_file_ref idref="fl-4"/>
      </object_component>
      <object_component id="oc-64b">
         <name>.text:Driver_PWMInit</name>
         <load_address>0x12eac</load_address>
         <run_address>0x12eac</run_address>
         <size>0x2a</size>
         <input_file_ref idref="fl-5"/>
      </object_component>
      <object_component id="oc-564">
         <name>.text:HAL_TimerB0_Init</name>
         <load_address>0x12ed6</load_address>
         <run_address>0x12ed6</run_address>
         <size>0x28</size>
         <input_file_ref idref="fl-10"/>
      </object_component>
      <object_component id="oc-502">
         <name>.text:__mspabi_fixdi</name>
         <load_address>0x12efe</load_address>
         <run_address>0x12efe</run_address>
         <size>0x28</size>
         <input_file_ref idref="fl-42"/>
      </object_component>
      <object_component id="oc-677">
         <name>.text</name>
         <load_address>0x12f26</load_address>
         <run_address>0x12f26</run_address>
         <size>0x24</size>
         <input_file_ref idref="fl-6d"/>
      </object_component>
      <object_component id="oc-58e">
         <name>.text:HAL_TimerA0_Init</name>
         <load_address>0x12f4a</load_address>
         <run_address>0x12f4a</run_address>
         <size>0x22</size>
         <input_file_ref idref="fl-e"/>
      </object_component>
      <object_component id="oc-576">
         <name>.text:HAL_USCIB1_Transmit</name>
         <load_address>0x12f6c</load_address>
         <run_address>0x12f6c</run_address>
         <size>0x1e</size>
         <input_file_ref idref="fl-12"/>
      </object_component>
      <object_component id="oc-523">
         <name>.text</name>
         <load_address>0x12f8a</load_address>
         <run_address>0x12f8a</run_address>
         <size>0x18</size>
         <input_file_ref idref="fl-6b"/>
      </object_component>
      <object_component id="oc-5d4">
         <name>.text:memset</name>
         <load_address>0x12fa2</load_address>
         <run_address>0x12fa2</run_address>
         <size>0x16</size>
         <input_file_ref idref="fl-66"/>
      </object_component>
      <object_component id="oc-66a">
         <name>.text</name>
         <load_address>0x12fb8</load_address>
         <run_address>0x12fb8</run_address>
         <size>0x16</size>
         <input_file_ref idref="fl-3d"/>
      </object_component>
      <object_component id="oc-397">
         <name>.text:memcpy</name>
         <load_address>0x12fce</load_address>
         <run_address>0x12fce</run_address>
         <size>0x14</size>
         <input_file_ref idref="fl-65"/>
      </object_component>
      <object_component id="oc-558">
         <name>.text:HAL_PMM_Init</name>
         <load_address>0x12fe2</load_address>
         <run_address>0x12fe2</run_address>
         <size>0x12</size>
         <input_file_ref idref="fl-d"/>
      </object_component>
      <object_component id="oc-6f">
         <name>.text:decompress:none:__TI_decompress_none</name>
         <load_address>0x12ff4</load_address>
         <run_address>0x12ff4</run_address>
         <size>0x12</size>
         <input_file_ref idref="fl-38"/>
      </object_component>
      <object_component id="oc-470">
         <name>.text:Driver_Init</name>
         <load_address>0x13006</load_address>
         <run_address>0x13006</run_address>
         <size>0x10</size>
         <input_file_ref idref="fl-6"/>
      </object_component>
      <object_component id="oc-68d">
         <name>.text:l_asr</name>
         <load_address>0x13016</load_address>
         <run_address>0x13016</run_address>
         <size>0x10</size>
         <input_file_ref idref="fl-73"/>
      </object_component>
      <object_component id="oc-683">
         <name>.text:l_lsl</name>
         <load_address>0x13026</load_address>
         <run_address>0x13026</run_address>
         <size>0x10</size>
         <input_file_ref idref="fl-62"/>
      </object_component>
      <object_component id="oc-688">
         <name>.text:l_lsr</name>
         <load_address>0x13036</load_address>
         <run_address>0x13036</run_address>
         <size>0x10</size>
         <input_file_ref idref="fl-63"/>
      </object_component>
      <object_component id="oc-4fc">
         <name>.text:__mspabi_fltid</name>
         <load_address>0x13046</load_address>
         <run_address>0x13046</run_address>
         <size>0xc</size>
         <input_file_ref idref="fl-44"/>
      </object_component>
      <object_component id="oc-4e5">
         <name>.text</name>
         <load_address>0x13052</load_address>
         <run_address>0x13052</run_address>
         <size>0xa</size>
         <input_file_ref idref="fl-4c"/>
      </object_component>
      <object_component id="oc-57c">
         <name>.text:HAL_Wdt_Init</name>
         <load_address>0x1305c</load_address>
         <run_address>0x1305c</run_address>
         <size>0x8</size>
         <input_file_ref idref="fl-13"/>
      </object_component>
      <object_component id="oc-409">
         <name>.text:abort</name>
         <load_address>0x13064</load_address>
         <run_address>0x13064</run_address>
         <size>0x6</size>
         <input_file_ref idref="fl-40"/>
      </object_component>
      <object_component id="oc-75">
         <name>.text:decompress:rle24:__TI_decompress_rle24</name>
         <load_address>0x1306a</load_address>
         <run_address>0x1306a</run_address>
         <size>0x6</size>
         <input_file_ref idref="fl-39"/>
      </object_component>
      <object_component id="oc-3e1">
         <name>.text:_system_pre_init</name>
         <load_address>0x13070</load_address>
         <run_address>0x13070</run_address>
         <size>0x4</size>
         <input_file_ref idref="fl-6f"/>
      </object_component>
      <object_component id="oc-449">
         <name>.text:_system_post_cinit</name>
         <load_address>0x13074</load_address>
         <run_address>0x13074</run_address>
         <size>0x2</size>
         <input_file_ref idref="fl-78"/>
      </object_component>
      <object_component id="oc-3ce">
         <name>.text:_isr:TimerA0_ISR</name>
         <load_address>0x8000</load_address>
         <run_address>0x8000</run_address>
         <size>0x7c</size>
         <input_file_ref idref="fl-8"/>
      </object_component>
      <object_component id="oc-3b6">
         <name>.text:_isr:USCB_ISR</name>
         <load_address>0x807c</load_address>
         <run_address>0x807c</run_address>
         <size>0x4e</size>
         <input_file_ref idref="fl-8"/>
      </object_component>
      <object_component id="oc-3bc">
         <name>.text:_isr:PORT1_ISR</name>
         <load_address>0x80ca</load_address>
         <run_address>0x80ca</run_address>
         <size>0x2c</size>
         <input_file_ref idref="fl-8"/>
      </object_component>
      <object_component id="oc-3d4">
         <name>.text:_isr:TIMERB_ISR</name>
         <load_address>0x80f6</load_address>
         <run_address>0x80f6</run_address>
         <size>0x20</size>
         <input_file_ref idref="fl-8"/>
      </object_component>
      <object_component id="oc-b1">
         <name>.text:_isr:_c_int00_noargs_noexit</name>
         <load_address>0x8116</load_address>
         <run_address>0x8116</run_address>
         <size>0x1a</size>
         <input_file_ref idref="fl-36"/>
      </object_component>
      <object_component id="oc-3c8">
         <name>.text:_isr:DMA_ISR</name>
         <load_address>0x8130</load_address>
         <run_address>0x8130</run_address>
         <size>0x16</size>
         <input_file_ref idref="fl-8"/>
      </object_component>
      <object_component id="oc-3c2">
         <name>.text:_isr:TIMERA_ISR</name>
         <load_address>0x8146</load_address>
         <run_address>0x8146</run_address>
         <size>0xe</size>
         <input_file_ref idref="fl-8"/>
      </object_component>
      <object_component id="oc-3b1">
         <name>.text:_isr:__TI_ISR_TRAP</name>
         <load_address>0x8154</load_address>
         <run_address>0x8154</run_address>
         <size>0x8</size>
         <input_file_ref idref="fl-61"/>
      </object_component>
      <object_component id="oc-737">
         <name>.cinit..data.load</name>
         <load_address>0x8422</load_address>
         <run_address>0x8422</run_address>
         <size>0xfa1</size>
      </object_component>
      <object_component id="oc-736">
         <name>.cinit..bss.load</name>
         <load_address>0x93c4</load_address>
         <run_address>0x93c4</run_address>
         <size>0xb</size>
      </object_component>
      <object_component id="oc-734">
         <name>__TI_handler_table</name>
         <load_address>0x93d0</load_address>
         <run_address>0x93d0</run_address>
         <size>0x8</size>
      </object_component>
      <object_component id="oc-735">
         <name>__TI_cinit_table</name>
         <load_address>0x93d8</load_address>
         <run_address>0x93d8</run_address>
         <size>0x10</size>
      </object_component>
      <object_component id="oc-5cf">
         <name>.const:font</name>
         <load_address>0x815c</load_address>
         <run_address>0x815c</run_address>
         <size>0x23a</size>
         <input_file_ref idref="fl-7"/>
      </object_component>
      <object_component id="oc-66f">
         <name>.const:.string</name>
         <load_address>0x8396</load_address>
         <run_address>0x8396</run_address>
         <size>0x48</size>
         <input_file_ref idref="fl-7"/>
      </object_component>
      <object_component id="oc-4b0">
         <name>.const:.string</name>
         <load_address>0x83de</load_address>
         <run_address>0x83de</run_address>
         <size>0x26</size>
         <input_file_ref idref="fl-2"/>
      </object_component>
      <object_component id="oc-489">
         <name>.const</name>
         <load_address>0x8404</load_address>
         <run_address>0x8404</run_address>
         <size>0x18</size>
         <input_file_ref idref="fl-2"/>
      </object_component>
      <object_component id="oc-6af">
         <name>.const:.string:$P$T0$1</name>
         <load_address>0x841c</load_address>
         <run_address>0x841c</run_address>
         <size>0x5</size>
         <input_file_ref idref="fl-7"/>
      </object_component>
      <object_component id="oc-6ce">
         <name>.binit</name>
         <load_address>0x8000</load_address>
         <run_address>0x8000</run_address>
         <size>0x0</size>
      </object_component>
      <object_component id="oc-7b">
         <name>.int37</name>
         <load_address>0xffca</load_address>
         <run_address>0xffca</run_address>
         <size>0x2</size>
         <input_file_ref idref="fl-4f"/>
      </object_component>
      <object_component id="oc-7c">
         <name>.int38</name>
         <load_address>0xffcc</load_address>
         <run_address>0xffcc</run_address>
         <size>0x2</size>
         <input_file_ref idref="fl-50"/>
      </object_component>
      <object_component id="oc-7d">
         <name>.int39</name>
         <load_address>0xffce</load_address>
         <run_address>0xffce</run_address>
         <size>0x2</size>
         <input_file_ref idref="fl-51"/>
      </object_component>
      <object_component id="oc-7e">
         <name>.int40</name>
         <load_address>0xffd0</load_address>
         <run_address>0xffd0</run_address>
         <size>0x2</size>
         <input_file_ref idref="fl-52"/>
      </object_component>
      <object_component id="oc-7f">
         <name>.int42</name>
         <load_address>0xffd4</load_address>
         <run_address>0xffd4</run_address>
         <size>0x2</size>
         <input_file_ref idref="fl-53"/>
      </object_component>
      <object_component id="oc-80">
         <name>.int44</name>
         <load_address>0xffd8</load_address>
         <run_address>0xffd8</run_address>
         <size>0x2</size>
         <input_file_ref idref="fl-54"/>
      </object_component>
      <object_component id="oc-81">
         <name>.int45</name>
         <load_address>0xffda</load_address>
         <run_address>0xffda</run_address>
         <size>0x2</size>
         <input_file_ref idref="fl-8"/>
      </object_component>
      <object_component id="oc-82">
         <name>.int46</name>
         <load_address>0xffdc</load_address>
         <run_address>0xffdc</run_address>
         <size>0x2</size>
         <input_file_ref idref="fl-55"/>
      </object_component>
      <object_component id="oc-83">
         <name>.int47</name>
         <load_address>0xffde</load_address>
         <run_address>0xffde</run_address>
         <size>0x2</size>
         <input_file_ref idref="fl-8"/>
      </object_component>
      <object_component id="oc-84">
         <name>.int48</name>
         <load_address>0xffe0</load_address>
         <run_address>0xffe0</run_address>
         <size>0x2</size>
         <input_file_ref idref="fl-56"/>
      </object_component>
      <object_component id="oc-85">
         <name>.int49</name>
         <load_address>0xffe2</load_address>
         <run_address>0xffe2</run_address>
         <size>0x2</size>
         <input_file_ref idref="fl-8"/>
      </object_component>
      <object_component id="oc-86">
         <name>.int50</name>
         <load_address>0xffe4</load_address>
         <run_address>0xffe4</run_address>
         <size>0x2</size>
         <input_file_ref idref="fl-8"/>
      </object_component>
      <object_component id="oc-87">
         <name>.int51</name>
         <load_address>0xffe6</load_address>
         <run_address>0xffe6</run_address>
         <size>0x2</size>
         <input_file_ref idref="fl-57"/>
      </object_component>
      <object_component id="oc-88">
         <name>.int52</name>
         <load_address>0xffe8</load_address>
         <run_address>0xffe8</run_address>
         <size>0x2</size>
         <input_file_ref idref="fl-8"/>
      </object_component>
      <object_component id="oc-89">
         <name>.int53</name>
         <load_address>0xffea</load_address>
         <run_address>0xffea</run_address>
         <size>0x2</size>
         <input_file_ref idref="fl-58"/>
      </object_component>
      <object_component id="oc-8a">
         <name>.int54</name>
         <load_address>0xffec</load_address>
         <run_address>0xffec</run_address>
         <size>0x2</size>
         <input_file_ref idref="fl-59"/>
      </object_component>
      <object_component id="oc-8b">
         <name>.int55</name>
         <load_address>0xffee</load_address>
         <run_address>0xffee</run_address>
         <size>0x2</size>
         <input_file_ref idref="fl-5a"/>
      </object_component>
      <object_component id="oc-8c">
         <name>.int56</name>
         <load_address>0xfff0</load_address>
         <run_address>0xfff0</run_address>
         <size>0x2</size>
         <input_file_ref idref="fl-5b"/>
      </object_component>
      <object_component id="oc-8d">
         <name>.int57</name>
         <load_address>0xfff2</load_address>
         <run_address>0xfff2</run_address>
         <size>0x2</size>
         <input_file_ref idref="fl-5c"/>
      </object_component>
      <object_component id="oc-8e">
         <name>.int58</name>
         <load_address>0xfff4</load_address>
         <run_address>0xfff4</run_address>
         <size>0x2</size>
         <input_file_ref idref="fl-5d"/>
      </object_component>
      <object_component id="oc-8f">
         <name>.int59</name>
         <load_address>0xfff6</load_address>
         <run_address>0xfff6</run_address>
         <size>0x2</size>
         <input_file_ref idref="fl-8"/>
      </object_component>
      <object_component id="oc-90">
         <name>.int60</name>
         <load_address>0xfff8</load_address>
         <run_address>0xfff8</run_address>
         <size>0x2</size>
         <input_file_ref idref="fl-5e"/>
      </object_component>
      <object_component id="oc-91">
         <name>.int61</name>
         <load_address>0xfffa</load_address>
         <run_address>0xfffa</run_address>
         <size>0x2</size>
         <input_file_ref idref="fl-5f"/>
      </object_component>
      <object_component id="oc-92">
         <name>.int62</name>
         <load_address>0xfffc</load_address>
         <run_address>0xfffc</run_address>
         <size>0x2</size>
         <input_file_ref idref="fl-60"/>
      </object_component>
      <object_component id="oc-396">
         <name>.reset</name>
         <load_address>0xfffe</load_address>
         <run_address>0xfffe</run_address>
         <size>0x2</size>
         <input_file_ref idref="fl-35"/>
      </object_component>
      <object_component id="oc-492">
         <name>.debug_info</name>
         <load_address>0x0</load_address>
         <run_address>0x0</run_address>
         <size>0x51d</size>
         <input_file_ref idref="fl-2"/>
      </object_component>
      <object_component id="oc-48a">
         <name>.debug_info</name>
         <load_address>0x51d</load_address>
         <run_address>0x51d</run_address>
         <size>0x17b</size>
         <input_file_ref idref="fl-2"/>
      </object_component>
      <object_component id="oc-47d">
         <name>.debug_info</name>
         <load_address>0x698</load_address>
         <run_address>0x698</run_address>
         <size>0x446</size>
         <input_file_ref idref="fl-2"/>
      </object_component>
      <object_component id="oc-402">
         <name>.debug_info</name>
         <load_address>0xade</load_address>
         <run_address>0xade</run_address>
         <size>0xa7a</size>
         <input_file_ref idref="fl-2"/>
      </object_component>
      <object_component id="oc-5ab">
         <name>.debug_info</name>
         <load_address>0x1558</load_address>
         <run_address>0x1558</run_address>
         <size>0x9e</size>
         <input_file_ref idref="fl-2"/>
      </object_component>
      <object_component id="oc-515">
         <name>.debug_info</name>
         <load_address>0x15f6</load_address>
         <run_address>0x15f6</run_address>
         <size>0x5e</size>
         <input_file_ref idref="fl-2"/>
      </object_component>
      <object_component id="oc-51a">
         <name>.debug_info</name>
         <load_address>0x1654</load_address>
         <run_address>0x1654</run_address>
         <size>0x102</size>
         <input_file_ref idref="fl-2"/>
      </object_component>
      <object_component id="oc-50e">
         <name>.debug_info</name>
         <load_address>0x1756</load_address>
         <run_address>0x1756</run_address>
         <size>0x156</size>
         <input_file_ref idref="fl-2"/>
      </object_component>
      <object_component id="oc-417">
         <name>.debug_info</name>
         <load_address>0x18ac</load_address>
         <run_address>0x18ac</run_address>
         <size>0x84</size>
         <input_file_ref idref="fl-2"/>
      </object_component>
      <object_component id="oc-65e">
         <name>.debug_info</name>
         <load_address>0x1930</load_address>
         <run_address>0x1930</run_address>
         <size>0x14a</size>
         <input_file_ref idref="fl-4"/>
      </object_component>
      <object_component id="oc-5c2">
         <name>.debug_info</name>
         <load_address>0x1a7a</load_address>
         <run_address>0x1a7a</run_address>
         <size>0xed</size>
         <input_file_ref idref="fl-4"/>
      </object_component>
      <object_component id="oc-5bd">
         <name>.debug_info</name>
         <load_address>0x1b67</load_address>
         <run_address>0x1b67</run_address>
         <size>0xef</size>
         <input_file_ref idref="fl-4"/>
      </object_component>
      <object_component id="oc-5c6">
         <name>.debug_info</name>
         <load_address>0x1c56</load_address>
         <run_address>0x1c56</run_address>
         <size>0xeb</size>
         <input_file_ref idref="fl-4"/>
      </object_component>
      <object_component id="oc-4a2">
         <name>.debug_info</name>
         <load_address>0x1d41</load_address>
         <run_address>0x1d41</run_address>
         <size>0x15a</size>
         <input_file_ref idref="fl-4"/>
      </object_component>
      <object_component id="oc-499">
         <name>.debug_info</name>
         <load_address>0x1e9b</load_address>
         <run_address>0x1e9b</run_address>
         <size>0x15c</size>
         <input_file_ref idref="fl-4"/>
      </object_component>
      <object_component id="oc-4a9">
         <name>.debug_info</name>
         <load_address>0x1ff7</load_address>
         <run_address>0x1ff7</run_address>
         <size>0x158</size>
         <input_file_ref idref="fl-4"/>
      </object_component>
      <object_component id="oc-5a3">
         <name>.debug_info</name>
         <load_address>0x214f</load_address>
         <run_address>0x214f</run_address>
         <size>0xef</size>
         <input_file_ref idref="fl-5"/>
      </object_component>
      <object_component id="oc-478">
         <name>.debug_info</name>
         <load_address>0x223e</load_address>
         <run_address>0x223e</run_address>
         <size>0x1a5</size>
         <input_file_ref idref="fl-5"/>
      </object_component>
      <object_component id="oc-59c">
         <name>.debug_info</name>
         <load_address>0x23e3</load_address>
         <run_address>0x23e3</run_address>
         <size>0x1bb</size>
         <input_file_ref idref="fl-5"/>
      </object_component>
      <object_component id="oc-4ec">
         <name>.debug_info</name>
         <load_address>0x259e</load_address>
         <run_address>0x259e</run_address>
         <size>0x1a5</size>
         <input_file_ref idref="fl-5"/>
      </object_component>
      <object_component id="oc-5a5">
         <name>.debug_info</name>
         <load_address>0x2743</load_address>
         <run_address>0x2743</run_address>
         <size>0x17f</size>
         <input_file_ref idref="fl-5"/>
      </object_component>
      <object_component id="oc-4f2">
         <name>.debug_info</name>
         <load_address>0x28c2</load_address>
         <run_address>0x28c2</run_address>
         <size>0x191</size>
         <input_file_ref idref="fl-5"/>
      </object_component>
      <object_component id="oc-64c">
         <name>.debug_info</name>
         <load_address>0x2a53</load_address>
         <run_address>0x2a53</run_address>
         <size>0x183</size>
         <input_file_ref idref="fl-5"/>
      </object_component>
      <object_component id="oc-472">
         <name>.debug_info</name>
         <load_address>0x2bd6</load_address>
         <run_address>0x2bd6</run_address>
         <size>0x17b</size>
         <input_file_ref idref="fl-6"/>
      </object_component>
      <object_component id="oc-5d3">
         <name>.debug_info</name>
         <load_address>0x2d51</load_address>
         <run_address>0x2d51</run_address>
         <size>0x2a9</size>
         <input_file_ref idref="fl-7"/>
      </object_component>
      <object_component id="oc-5d0">
         <name>.debug_info</name>
         <load_address>0x2ffa</load_address>
         <run_address>0x2ffa</run_address>
         <size>0xe1</size>
         <input_file_ref idref="fl-7"/>
      </object_component>
      <object_component id="oc-63c">
         <name>.debug_info</name>
         <load_address>0x30db</load_address>
         <run_address>0x30db</run_address>
         <size>0xe9</size>
         <input_file_ref idref="fl-7"/>
      </object_component>
      <object_component id="oc-6b0">
         <name>.debug_info</name>
         <load_address>0x31c4</load_address>
         <run_address>0x31c4</run_address>
         <size>0xe6</size>
         <input_file_ref idref="fl-7"/>
      </object_component>
      <object_component id="oc-63f">
         <name>.debug_info</name>
         <load_address>0x32aa</load_address>
         <run_address>0x32aa</run_address>
         <size>0x1ab</size>
         <input_file_ref idref="fl-7"/>
      </object_component>
      <object_component id="oc-596">
         <name>.debug_info</name>
         <load_address>0x3455</load_address>
         <run_address>0x3455</run_address>
         <size>0x168</size>
         <input_file_ref idref="fl-7"/>
      </object_component>
      <object_component id="oc-645">
         <name>.debug_info</name>
         <load_address>0x35bd</load_address>
         <run_address>0x35bd</run_address>
         <size>0x210</size>
         <input_file_ref idref="fl-7"/>
      </object_component>
      <object_component id="oc-5ca">
         <name>.debug_info</name>
         <load_address>0x37cd</load_address>
         <run_address>0x37cd</run_address>
         <size>0x1b1</size>
         <input_file_ref idref="fl-7"/>
      </object_component>
      <object_component id="oc-4b2">
         <name>.debug_info</name>
         <load_address>0x397e</load_address>
         <run_address>0x397e</run_address>
         <size>0x24c</size>
         <input_file_ref idref="fl-7"/>
      </object_component>
      <object_component id="oc-4b8">
         <name>.debug_info</name>
         <load_address>0x3bca</load_address>
         <run_address>0x3bca</run_address>
         <size>0x24d</size>
         <input_file_ref idref="fl-7"/>
      </object_component>
      <object_component id="oc-5db">
         <name>.debug_info</name>
         <load_address>0x3e17</load_address>
         <run_address>0x3e17</run_address>
         <size>0x212</size>
         <input_file_ref idref="fl-7"/>
      </object_component>
      <object_component id="oc-433">
         <name>.debug_info</name>
         <load_address>0x4029</load_address>
         <run_address>0x4029</run_address>
         <size>0x317</size>
         <input_file_ref idref="fl-8"/>
      </object_component>
      <object_component id="oc-437">
         <name>.debug_info</name>
         <load_address>0x4340</load_address>
         <run_address>0x4340</run_address>
         <size>0x2b5</size>
         <input_file_ref idref="fl-8"/>
      </object_component>
      <object_component id="oc-3bd">
         <name>.debug_info</name>
         <load_address>0x45f5</load_address>
         <run_address>0x45f5</run_address>
         <size>0x12b</size>
         <input_file_ref idref="fl-8"/>
      </object_component>
      <object_component id="oc-3d6">
         <name>.debug_info</name>
         <load_address>0x4720</load_address>
         <run_address>0x4720</run_address>
         <size>0x12d</size>
         <input_file_ref idref="fl-8"/>
      </object_component>
      <object_component id="oc-3c4">
         <name>.debug_info</name>
         <load_address>0x484d</load_address>
         <run_address>0x484d</run_address>
         <size>0x12d</size>
         <input_file_ref idref="fl-8"/>
      </object_component>
      <object_component id="oc-3d0">
         <name>.debug_info</name>
         <load_address>0x497a</load_address>
         <run_address>0x497a</run_address>
         <size>0x12f</size>
         <input_file_ref idref="fl-8"/>
      </object_component>
      <object_component id="oc-3b8">
         <name>.debug_info</name>
         <load_address>0x4aa9</load_address>
         <run_address>0x4aa9</run_address>
         <size>0x129</size>
         <input_file_ref idref="fl-8"/>
      </object_component>
      <object_component id="oc-3ca">
         <name>.debug_info</name>
         <load_address>0x4bd2</load_address>
         <run_address>0x4bd2</run_address>
         <size>0x127</size>
         <input_file_ref idref="fl-8"/>
      </object_component>
      <object_component id="oc-43b">
         <name>.debug_info</name>
         <load_address>0x4cf9</load_address>
         <run_address>0x4cf9</run_address>
         <size>0x249</size>
         <input_file_ref idref="fl-9"/>
      </object_component>
      <object_component id="oc-584">
         <name>.debug_info</name>
         <load_address>0x4f42</load_address>
         <run_address>0x4f42</run_address>
         <size>0x12d</size>
         <input_file_ref idref="fl-9"/>
      </object_component>
      <object_component id="oc-58b">
         <name>.debug_info</name>
         <load_address>0x506f</load_address>
         <run_address>0x506f</run_address>
         <size>0x127</size>
         <input_file_ref idref="fl-a"/>
      </object_component>
      <object_component id="oc-42f">
         <name>.debug_info</name>
         <load_address>0x5196</load_address>
         <run_address>0x5196</run_address>
         <size>0x2fe</size>
         <input_file_ref idref="fl-b"/>
      </object_component>
      <object_component id="oc-46e">
         <name>.debug_info</name>
         <load_address>0x5494</load_address>
         <run_address>0x5494</run_address>
         <size>0x213</size>
         <input_file_ref idref="fl-b"/>
      </object_component>
      <object_component id="oc-553">
         <name>.debug_info</name>
         <load_address>0x56a7</load_address>
         <run_address>0x56a7</run_address>
         <size>0x12c</size>
         <input_file_ref idref="fl-c"/>
      </object_component>
      <object_component id="oc-559">
         <name>.debug_info</name>
         <load_address>0x57d3</load_address>
         <run_address>0x57d3</run_address>
         <size>0x15c</size>
         <input_file_ref idref="fl-d"/>
      </object_component>
      <object_component id="oc-62d">
         <name>.debug_info</name>
         <load_address>0x592f</load_address>
         <run_address>0x592f</run_address>
         <size>0x1be</size>
         <input_file_ref idref="fl-d"/>
      </object_component>
      <object_component id="oc-6a3">
         <name>.debug_info</name>
         <load_address>0x5aed</load_address>
         <run_address>0x5aed</run_address>
         <size>0x1aa</size>
         <input_file_ref idref="fl-d"/>
      </object_component>
      <object_component id="oc-6a6">
         <name>.debug_info</name>
         <load_address>0x5c97</load_address>
         <run_address>0x5c97</run_address>
         <size>0x186</size>
         <input_file_ref idref="fl-d"/>
      </object_component>
      <object_component id="oc-591">
         <name>.debug_info</name>
         <load_address>0x5e1d</load_address>
         <run_address>0x5e1d</run_address>
         <size>0x13b</size>
         <input_file_ref idref="fl-e"/>
      </object_component>
      <object_component id="oc-56b">
         <name>.debug_info</name>
         <load_address>0x5f58</load_address>
         <run_address>0x5f58</run_address>
         <size>0x13b</size>
         <input_file_ref idref="fl-f"/>
      </object_component>
      <object_component id="oc-567">
         <name>.debug_info</name>
         <load_address>0x6093</load_address>
         <run_address>0x6093</run_address>
         <size>0x13b</size>
         <input_file_ref idref="fl-10"/>
      </object_component>
      <object_component id="oc-55f">
         <name>.debug_info</name>
         <load_address>0x61ce</load_address>
         <run_address>0x61ce</run_address>
         <size>0x127</size>
         <input_file_ref idref="fl-11"/>
      </object_component>
      <object_component id="oc-572">
         <name>.debug_info</name>
         <load_address>0x62f5</load_address>
         <run_address>0x62f5</run_address>
         <size>0x136</size>
         <input_file_ref idref="fl-12"/>
      </object_component>
      <object_component id="oc-577">
         <name>.debug_info</name>
         <load_address>0x642b</load_address>
         <run_address>0x642b</run_address>
         <size>0x13e</size>
         <input_file_ref idref="fl-12"/>
      </object_component>
      <object_component id="oc-57d">
         <name>.debug_info</name>
         <load_address>0x6569</load_address>
         <run_address>0x6569</run_address>
         <size>0x127</size>
         <input_file_ref idref="fl-13"/>
      </object_component>
      <object_component id="oc-607">
         <name>.debug_info</name>
         <load_address>0x6690</load_address>
         <run_address>0x6690</run_address>
         <size>0x20c</size>
         <input_file_ref idref="fl-34"/>
      </object_component>
      <object_component id="oc-4d1">
         <name>.debug_info</name>
         <load_address>0x689c</load_address>
         <run_address>0x689c</run_address>
         <size>0x228</size>
         <input_file_ref idref="fl-34"/>
      </object_component>
      <object_component id="oc-5f4">
         <name>.debug_info</name>
         <load_address>0x6ac4</load_address>
         <run_address>0x6ac4</run_address>
         <size>0x94</size>
         <input_file_ref idref="fl-34"/>
      </object_component>
      <object_component id="oc-394">
         <name>.debug_info</name>
         <load_address>0x6b58</load_address>
         <run_address>0x6b58</run_address>
         <size>0xf6</size>
         <input_file_ref idref="fl-35"/>
      </object_component>
      <object_component id="oc-b4">
         <name>.debug_info</name>
         <load_address>0x6c4e</load_address>
         <run_address>0x6c4e</run_address>
         <size>0x197</size>
         <input_file_ref idref="fl-36"/>
      </object_component>
      <object_component id="oc-4e0">
         <name>.debug_info</name>
         <load_address>0x6de5</load_address>
         <run_address>0x6de5</run_address>
         <size>0x1c5</size>
         <input_file_ref idref="fl-37"/>
      </object_component>
      <object_component id="oc-3a3">
         <name>.debug_info</name>
         <load_address>0x6faa</load_address>
         <run_address>0x6faa</run_address>
         <size>0x1c7</size>
         <input_file_ref idref="fl-38"/>
      </object_component>
      <object_component id="oc-72">
         <name>.debug_info</name>
         <load_address>0x7171</load_address>
         <run_address>0x7171</run_address>
         <size>0x1c9</size>
         <input_file_ref idref="fl-38"/>
      </object_component>
      <object_component id="oc-39e">
         <name>.debug_info</name>
         <load_address>0x733a</load_address>
         <run_address>0x733a</run_address>
         <size>0x46</size>
         <input_file_ref idref="fl-38"/>
      </object_component>
      <object_component id="oc-425">
         <name>.debug_info</name>
         <load_address>0x7380</load_address>
         <run_address>0x7380</run_address>
         <size>0x2c</size>
         <input_file_ref idref="fl-38"/>
      </object_component>
      <object_component id="oc-3ab">
         <name>.debug_info</name>
         <load_address>0x73ac</load_address>
         <run_address>0x73ac</run_address>
         <size>0x184</size>
         <input_file_ref idref="fl-39"/>
      </object_component>
      <object_component id="oc-3a5">
         <name>.debug_info</name>
         <load_address>0x7530</load_address>
         <run_address>0x7530</run_address>
         <size>0x23b</size>
         <input_file_ref idref="fl-39"/>
      </object_component>
      <object_component id="oc-76">
         <name>.debug_info</name>
         <load_address>0x776b</load_address>
         <run_address>0x776b</run_address>
         <size>0x1b2</size>
         <input_file_ref idref="fl-39"/>
      </object_component>
      <object_component id="oc-3ac">
         <name>.debug_info</name>
         <load_address>0x791d</load_address>
         <run_address>0x791d</run_address>
         <size>0x39</size>
         <input_file_ref idref="fl-39"/>
      </object_component>
      <object_component id="oc-5ff">
         <name>.debug_info</name>
         <load_address>0x7956</load_address>
         <run_address>0x7956</run_address>
         <size>0x1ca</size>
         <input_file_ref idref="fl-3b"/>
      </object_component>
      <object_component id="oc-4cb">
         <name>.debug_info</name>
         <load_address>0x7b20</load_address>
         <run_address>0x7b20</run_address>
         <size>0x1a1</size>
         <input_file_ref idref="fl-3b"/>
      </object_component>
      <object_component id="oc-5e7">
         <name>.debug_info</name>
         <load_address>0x7cc1</load_address>
         <run_address>0x7cc1</run_address>
         <size>0xdb</size>
         <input_file_ref idref="fl-3b"/>
      </object_component>
      <object_component id="oc-4bf">
         <name>.debug_info</name>
         <load_address>0x7d9c</load_address>
         <run_address>0x7d9c</run_address>
         <size>0x17e</size>
         <input_file_ref idref="fl-3c"/>
      </object_component>
      <object_component id="oc-66c">
         <name>.debug_info</name>
         <load_address>0x7f1a</load_address>
         <run_address>0x7f1a</run_address>
         <size>0x11a</size>
         <input_file_ref idref="fl-3d"/>
      </object_component>
      <object_component id="oc-5ba">
         <name>.debug_info</name>
         <load_address>0x8034</load_address>
         <run_address>0x8034</run_address>
         <size>0x131</size>
         <input_file_ref idref="fl-3e"/>
      </object_component>
      <object_component id="oc-659">
         <name>.debug_info</name>
         <load_address>0x8165</load_address>
         <run_address>0x8165</run_address>
         <size>0x11c</size>
         <input_file_ref idref="fl-3f"/>
      </object_component>
      <object_component id="oc-40a">
         <name>.debug_info</name>
         <load_address>0x8281</load_address>
         <run_address>0x8281</run_address>
         <size>0x118</size>
         <input_file_ref idref="fl-40"/>
      </object_component>
      <object_component id="oc-504">
         <name>.debug_info</name>
         <load_address>0x8399</load_address>
         <run_address>0x8399</run_address>
         <size>0x172</size>
         <input_file_ref idref="fl-42"/>
      </object_component>
      <object_component id="oc-618">
         <name>.debug_info</name>
         <load_address>0x850b</load_address>
         <run_address>0x850b</run_address>
         <size>0x1a6</size>
         <input_file_ref idref="fl-43"/>
      </object_component>
      <object_component id="oc-4fd">
         <name>.debug_info</name>
         <load_address>0x86b1</load_address>
         <run_address>0x86b1</run_address>
         <size>0x15c</size>
         <input_file_ref idref="fl-44"/>
      </object_component>
      <object_component id="oc-69d">
         <name>.debug_info</name>
         <load_address>0x880d</load_address>
         <run_address>0x880d</run_address>
         <size>0x1d5</size>
         <input_file_ref idref="fl-45"/>
      </object_component>
      <object_component id="oc-613">
         <name>.debug_info</name>
         <load_address>0x89e2</load_address>
         <run_address>0x89e2</run_address>
         <size>0x1e9</size>
         <input_file_ref idref="fl-45"/>
      </object_component>
      <object_component id="oc-699">
         <name>.debug_info</name>
         <load_address>0x8bcb</load_address>
         <run_address>0x8bcb</run_address>
         <size>0x20a</size>
         <input_file_ref idref="fl-46"/>
      </object_component>
      <object_component id="oc-602">
         <name>.debug_info</name>
         <load_address>0x8dd5</load_address>
         <run_address>0x8dd5</run_address>
         <size>0x2b2</size>
         <input_file_ref idref="fl-46"/>
      </object_component>
      <object_component id="oc-486">
         <name>.debug_info</name>
         <load_address>0x9087</load_address>
         <run_address>0x9087</run_address>
         <size>0x11a</size>
         <input_file_ref idref="fl-47"/>
      </object_component>
      <object_component id="oc-480">
         <name>.debug_info</name>
         <load_address>0x91a1</load_address>
         <run_address>0x91a1</run_address>
         <size>0x126</size>
         <input_file_ref idref="fl-48"/>
      </object_component>
      <object_component id="oc-4db">
         <name>.debug_info</name>
         <load_address>0x92c7</load_address>
         <run_address>0x92c7</run_address>
         <size>0x11a</size>
         <input_file_ref idref="fl-49"/>
      </object_component>
      <object_component id="oc-4fa">
         <name>.debug_info</name>
         <load_address>0x93e1</load_address>
         <run_address>0x93e1</run_address>
         <size>0x123</size>
         <input_file_ref idref="fl-4a"/>
      </object_component>
      <object_component id="oc-48e">
         <name>.debug_info</name>
         <load_address>0x9504</load_address>
         <run_address>0x9504</run_address>
         <size>0x11a</size>
         <input_file_ref idref="fl-4b"/>
      </object_component>
      <object_component id="oc-4e7">
         <name>.debug_info</name>
         <load_address>0x961e</load_address>
         <run_address>0x961e</run_address>
         <size>0x11a</size>
         <input_file_ref idref="fl-4c"/>
      </object_component>
      <object_component id="oc-49e">
         <name>.debug_info</name>
         <load_address>0x9738</load_address>
         <run_address>0x9738</run_address>
         <size>0x12e</size>
         <input_file_ref idref="fl-4d"/>
      </object_component>
      <object_component id="oc-4d8">
         <name>.debug_info</name>
         <load_address>0x9866</load_address>
         <run_address>0x9866</run_address>
         <size>0x120</size>
         <input_file_ref idref="fl-4e"/>
      </object_component>
      <object_component id="oc-3b2">
         <name>.debug_info</name>
         <load_address>0x9986</load_address>
         <run_address>0x9986</run_address>
         <size>0x108</size>
         <input_file_ref idref="fl-61"/>
      </object_component>
      <object_component id="oc-684">
         <name>.debug_info</name>
         <load_address>0x9a8e</load_address>
         <run_address>0x9a8e</run_address>
         <size>0x119</size>
         <input_file_ref idref="fl-62"/>
      </object_component>
      <object_component id="oc-5fa">
         <name>.debug_info</name>
         <load_address>0x9ba7</load_address>
         <run_address>0x9ba7</run_address>
         <size>0x11f</size>
         <input_file_ref idref="fl-62"/>
      </object_component>
      <object_component id="oc-689">
         <name>.debug_info</name>
         <load_address>0x9cc6</load_address>
         <run_address>0x9cc6</run_address>
         <size>0x119</size>
         <input_file_ref idref="fl-63"/>
      </object_component>
      <object_component id="oc-673">
         <name>.debug_info</name>
         <load_address>0x9ddf</load_address>
         <run_address>0x9ddf</run_address>
         <size>0x11f</size>
         <input_file_ref idref="fl-63"/>
      </object_component>
      <object_component id="oc-41d">
         <name>.debug_info</name>
         <load_address>0x9efe</load_address>
         <run_address>0x9efe</run_address>
         <size>0x17d</size>
         <input_file_ref idref="fl-65"/>
      </object_component>
      <object_component id="oc-399">
         <name>.debug_info</name>
         <load_address>0xa07b</load_address>
         <run_address>0xa07b</run_address>
         <size>0x192</size>
[...]
      </symbol>
      <symbol id="sm-561">
         <name>HAL_Init</name>
         <value>0x12da8</value>
         <object_component_ref idref="oc-46a"/>
      </symbol>
      <symbol id="sm-56a">
         <name>HAL_GPIO_Init</name>
         <value>0x11ecc</value>
         <object_component_ref idref="oc-552"/>
      </symbol>
      <symbol id="sm-598">
         <name>HAL_PMM_SetVCoreDown</name>
         <value>0x121f6</value>
         <object_component_ref idref="oc-6a5"/>
      </symbol>
      <symbol id="sm-599">
         <name>HAL_PMM_SetVCoreUp</name>
         <value>0x11de6</value>
         <object_component_ref idref="oc-69f"/>
      </symbol>
      <symbol id="sm-59a">
         <name>HAL_PMM_Init</name>
         <value>0x12fe2</value>
         <object_component_ref idref="oc-558"/>
      </symbol>
      <symbol id="sm-59b">
         <name>HAL_PMM_SetVCore</name>
         <value>0x127ae</value>
         <object_component_ref idref="oc-62b"/>
      </symbol>
      <symbol id="sm-5a4">
         <name>HAL_TimerA0_Init</name>
         <value>0x12f4a</value>
         <object_component_ref idref="oc-58e"/>
      </symbol>
      <symbol id="sm-5ad">
         <name>HAL_TimerA1_Init</name>
         <value>0x12c6c</value>
         <object_component_ref idref="oc-56a"/>
      </symbol>
      <symbol id="sm-5b6">
         <name>HAL_TimerB0_Init</name>
         <value>0x12ed6</value>
         <object_component_ref idref="oc-564"/>
      </symbol>
      <symbol id="sm-5c0">
         <name>HAL_UCS_Init</name>
         <value>0x12ca6</value>
         <object_component_ref idref="oc-55e"/>
      </symbol>
      <symbol id="sm-5d1">
         <name>HAL_USCIB1_Transmit</name>
         <value>0x12f6c</value>
         <object_component_ref idref="oc-576"/>
      </symbol>
      <symbol id="sm-5d2">
         <name>HAL_USCIB1_Init</name>
         <value>0x12e02</value>
         <object_component_ref idref="oc-570"/>
      </symbol>
      <symbol id="sm-5db">
         <name>HAL_Wdt_Init</name>
         <value>0x1305c</value>
         <object_component_ref idref="oc-57c"/>
      </symbol>
      <symbol id="sm-602">
         <name>__mspabi_addd</name>
         <value>0x11324</value>
         <object_component_ref idref="oc-4cf"/>
      </symbol>
      <symbol id="sm-60a">
         <name>_stack</name>
         <value>0x6360</value>
         <object_component_ref idref="oc-393"/>
      </symbol>
      <symbol id="sm-60b">
         <name>_reset_vector</name>
         <value>0xfffe</value>
         <object_component_ref idref="oc-396"/>
      </symbol>
      <symbol id="sm-615">
         <name>_c_int00_noargs_noexit</name>
         <value>0x8116</value>
         <object_component_ref idref="oc-b1"/>
      </symbol>
      <symbol id="sm-62f">
         <name>__mspabi_cmpd</name>
         <value>0x11fb0</value>
         <object_component_ref idref="oc-4df"/>
      </symbol>
      <symbol id="sm-645">
         <name>__TI_decompress_none</name>
         <value>0x12ff4</value>
         <object_component_ref idref="oc-6f"/>
      </symbol>
      <symbol id="sm-667">
         <name>__TI_decompress_rle24</name>
         <value>0x1306a</value>
         <object_component_ref idref="oc-75"/>
      </symbol>
      <symbol id="sm-680">
         <name>__mspabi_cvtdf</name>
         <value>0x12532</value>
         <object_component_ref idref="oc-4c9"/>
      </symbol>
      <symbol id="sm-68e">
         <name>__mspabi_cvtfd</name>
         <value>0x12740</value>
         <object_component_ref idref="oc-4bd"/>
      </symbol>
      <symbol id="sm-698">
         <name>__mspabi_remu</name>
         <value>0x12fb8</value>
         <object_component_ref idref="oc-66a"/>
      </symbol>
      <symbol id="sm-699">
         <name>__mspabi_divu</name>
         <value>0x12fb8</value>
         <object_component_ref idref="oc-66a"/>
      </symbol>
      <symbol id="sm-6a5">
         <name>__mspabi_remli</name>
         <value>0x12b72</value>
         <object_component_ref idref="oc-5b7"/>
      </symbol>
      <symbol id="sm-6a6">
         <name>__mspabi_divli</name>
         <value>0x12b72</value>
         <object_component_ref idref="oc-5b7"/>
      </symbol>
      <symbol id="sm-6b4">
         <name>__mspabi_remul</name>
         <value>0x129b4</value>
         <object_component_ref idref="oc-656"/>
      </symbol>
      <symbol id="sm-6b5">
         <name>__mspabi_divul</name>
         <value>0x129b4</value>
         <object_component_ref idref="oc-656"/>
      </symbol>
      <symbol id="sm-6bf">
         <name>C$$EXIT</name>
         <value>0x13064</value>
         <object_component_ref idref="oc-409"/>
      </symbol>
      <symbol id="sm-6c0">
         <name>abort</name>
         <value>0x13064</value>
         <object_component_ref idref="oc-409"/>
      </symbol>
      <symbol id="sm-6ce">
         <name>__mspabi_fixdi</name>
         <value>0x12efe</value>
         <object_component_ref idref="oc-502"/>
      </symbol>
      <symbol id="sm-6dd">
         <name>__mspabi_fixdli</name>
         <value>0x128e8</value>
         <object_component_ref idref="oc-616"/>
      </symbol>
      <symbol id="sm-6e6">
         <name>__mspabi_fltid</name>
         <value>0x13046</value>
         <object_component_ref idref="oc-4fc"/>
      </symbol>
      <symbol id="sm-6fe">
         <name>__mspabi_fltlid</name>
         <value>0x12404</value>
         <object_component_ref idref="oc-60f"/>
      </symbol>
      <symbol id="sm-71f">
         <name>__TI_frcaddd</name>
         <value>0x1187e</value>
         <object_component_ref idref="oc-600"/>
      </symbol>
      <symbol id="sm-73a">
         <name>__mspabi_subf</name>
         <value>0x11ad0</value>
         <object_component_ref idref="oc-484"/>
      </symbol>
      <symbol id="sm-73b">
         <name>__mspabi_addf</name>
         <value>0x11ad6</value>
         <object_component_ref idref="oc-484"/>
      </symbol>
      <symbol id="sm-74b">
         <name>__mspabi_cmpf</name>
         <value>0x12a5c</value>
         <object_component_ref idref="oc-47f"/>
      </symbol>
      <symbol id="sm-75d">
         <name>__mspabi_divf</name>
         <value>0x124a2</value>
         <object_component_ref idref="oc-4da"/>
      </symbol>
      <symbol id="sm-76a">
         <name>__mspabi_fltif</name>
         <value>0x12cdc</value>
         <object_component_ref idref="oc-4f7"/>
      </symbol>
      <symbol id="sm-781">
         <name>__mspabi_mpyf</name>
         <value>0x12088</value>
         <object_component_ref idref="oc-48c"/>
      </symbol>
      <symbol id="sm-78a">
         <name>__mspabi_negf</name>
         <value>0x13052</value>
         <object_component_ref idref="oc-4e5"/>
      </symbol>
      <symbol id="sm-79c">
         <name>__mspabi_fixfi</name>
         <value>0x12880</value>
         <object_component_ref idref="oc-49c"/>
      </symbol>
      <symbol id="sm-7a8">
         <name>__mspabi_fltulf</name>
         <value>0x12d76</value>
         <object_component_ref idref="oc-4d5"/>
      </symbol>
      <symbol id="sm-7ab">
         <name>__TI_int37</name>
         <value>0xffca</value>
         <object_component_ref idref="oc-7b"/>
      </symbol>
      <symbol id="sm-7ae">
         <name>__TI_int38</name>
         <value>0xffcc</value>
         <object_component_ref idref="oc-7c"/>
      </symbol>
      <symbol id="sm-7b1">
         <name>__TI_int39</name>
         <value>0xffce</value>
         <object_component_ref idref="oc-7d"/>
      </symbol>
      <symbol id="sm-7b4">
         <name>__TI_int40</name>
         <value>0xffd0</value>
         <object_component_ref idref="oc-7e"/>
      </symbol>
      <symbol id="sm-7b7">
         <name>__TI_int42</name>
         <value>0xffd4</value>
         <object_component_ref idref="oc-7f"/>
      </symbol>
      <symbol id="sm-7ba">
         <name>__TI_int44</name>
         <value>0xffd8</value>
         <object_component_ref idref="oc-80"/>
      </symbol>
      <symbol id="sm-7bd">
         <name>__TI_int46</name>
         <value>0xffdc</value>
         <object_component_ref idref="oc-82"/>
      </symbol>
      <symbol id="sm-7c0">
         <name>__TI_int48</name>
         <value>0xffe0</value>
         <object_component_ref idref="oc-84"/>
      </symbol>
      <symbol id="sm-7c3">
         <name>__TI_int51</name>
         <value>0xffe6</value>
         <object_component_ref idref="oc-87"/>
      </symbol>
      <symbol id="sm-7c6">
         <name>__TI_int53</name>
         <value>0xffea</value>
         <object_component_ref idref="oc-89"/>
      </symbol>
      <symbol id="sm-7c9">
         <name>__TI_int54</name>
         <value>0xffec</value>
         <object_component_ref idref="oc-8a"/>
      </symbol>
      <symbol id="sm-7cc">
         <name>__TI_int55</name>
         <value>0xffee</value>
         <object_component_ref idref="oc-8b"/>
      </symbol>
      <symbol id="sm-7cf">
         <name>__TI_int56</name>
         <value>0xfff0</value>
         <object_component_ref idref="oc-8c"/>
      </symbol>
      <symbol id="sm-7d2">
         <name>__TI_int57</name>
         <value>0xfff2</value>
         <object_component_ref idref="oc-8d"/>
      </symbol>
      <symbol id="sm-7d5">
         <name>__TI_int58</name>
         <value>0xfff4</value>
         <object_component_ref idref="oc-8e"/>
      </symbol>
      <symbol id="sm-7d8">
         <name>__TI_int60</name>
         <value>0xfff8</value>
         <object_component_ref idref="oc-90"/>
      </symbol>
      <symbol id="sm-7db">
         <name>__TI_int61</name>
         <value>0xfffa</value>
         <object_component_ref idref="oc-91"/>
      </symbol>
      <symbol id="sm-7de">
         <name>__TI_int62</name>
         <value>0xfffc</value>
         <object_component_ref idref="oc-92"/>
      </symbol>
      <symbol id="sm-7e6">
         <name>__TI_ISR_TRAP</name>
         <value>0x8154</value>
         <object_component_ref idref="oc-3b1"/>
      </symbol>
      <symbol id="sm-7f6">
         <name>__mspabi_slll_9</name>
         <value>0x12c08</value>
         <object_component_ref idref="oc-5f9"/>
      </symbol>
      <symbol id="sm-7f7">
         <name>__mspabi_slll_8</name>
         <value>0x12c0c</value>
         <object_component_ref idref="oc-5f9"/>
      </symbol>
      <symbol id="sm-7f8">
         <name>__mspabi_slll_7</name>
         <value>0x12c10</value>
         <object_component_ref idref="oc-5f9"/>
      </symbol>
      <symbol id="sm-7f9">
         <name>__mspabi_slll_6</name>
         <value>0x12c14</value>
         <object_component_ref idref="oc-5f9"/>
      </symbol>
      <symbol id="sm-7fa">
         <name>__mspabi_slll_5</name>
         <value>0x12c18</value>
         <object_component_ref idref="oc-5f9"/>
      </symbol>
      <symbol id="sm-7fb">
         <name>__mspabi_slll_4</name>
         <value>0x12c1c</value>
         <object_component_ref idref="oc-5f9"/>
      </symbol>
      <symbol id="sm-7fc">
         <name>__mspabi_slll_3</name>
         <value>0x12c20</value>
         <object_component_ref idref="oc-5f9"/>
      </symbol>
      <symbol id="sm-7fd">
         <name>__mspabi_slll_2</name>
         <value>0x12c24</value>
         <object_component_ref idref="oc-5f9"/>
      </symbol>
      <symbol id="sm-7fe">
         <name>__mspabi_slll_1</name>
         <value>0x12c28</value>
         <object_component_ref idref="oc-5f9"/>
      </symbol>
      <symbol id="sm-7ff">
         <name>__mspabi_slll</name>
         <value>0x13026</value>
         <object_component_ref idref="oc-683"/>
      </symbol>
      <symbol id="sm-800">
         <name>__mspabi_slll_15</name>
         <value>0x12bf0</value>
         <object_component_ref idref="oc-5f9"/>
      </symbol>
      <symbol id="sm-801">
         <name>__mspabi_slll_14</name>
         <value>0x12bf4</value>
         <object_component_ref idref="oc-5f9"/>
      </symbol>
      <symbol id="sm-802">
         <name>__mspabi_slll_13</name>
         <value>0x12bf8</value>
         <object_component_ref idref="oc-5f9"/>
      </symbol>
      <symbol id="sm-803">
         <name>__mspabi_slll_12</name>
         <value>0x12bfc</value>
         <object_component_ref idref="oc-5f9"/>
      </symbol>
      <symbol id="sm-804">
         <name>__mspabi_slll_11</name>
         <value>0x12c00</value>
         <object_component_ref idref="oc-5f9"/>
      </symbol>
      <symbol id="sm-805">
         <name>__mspabi_slll_10</name>
         <value>0x12c04</value>
         <object_component_ref idref="oc-5f9"/>
      </symbol>
      <symbol id="sm-815">
         <name>__mspabi_srll_8</name>
         <value>0x12c4a</value>
         <object_component_ref idref="oc-672"/>
      </symbol>
      <symbol id="sm-816">
         <name>__mspabi_srll_9</name>
         <value>0x12c46</value>
         <object_component_ref idref="oc-672"/>
      </symbol>
      <symbol id="sm-817">
         <name>__mspabi_srll_6</name>
         <value>0x12c52</value>
         <object_component_ref idref="oc-672"/>
      </symbol>
      <symbol id="sm-818">
         <name>__mspabi_srll_7</name>
         <value>0x12c4e</value>
         <object_component_ref idref="oc-672"/>
      </symbol>
      <symbol id="sm-819">
         <name>__mspabi_srll_4</name>
         <value>0x12c5a</value>
         <object_component_ref idref="oc-672"/>
      </symbol>
      <symbol id="sm-81a">
         <name>__mspabi_srll_5</name>
         <value>0x12c56</value>
         <object_component_ref idref="oc-672"/>
      </symbol>
      <symbol id="sm-81b">
         <name>__mspabi_srll_2</name>
         <value>0x12c62</value>
         <object_component_ref idref="oc-672"/>
      </symbol>
      <symbol id="sm-81c">
         <name>__mspabi_srll_3</name>
         <value>0x12c5e</value>
         <object_component_ref idref="oc-672"/>
      </symbol>
      <symbol id="sm-81d">
         <name>__mspabi_srll_1</name>
         <value>0x12c66</value>
         <object_component_ref idref="oc-672"/>
      </symbol>
      <symbol id="sm-81e">
         <name>__mspabi_srll_15</name>
         <value>0x12c2e</value>
         <object_component_ref idref="oc-672"/>
      </symbol>
      <symbol id="sm-81f">
         <name>__mspabi_srll_14</name>
         <value>0x12c32</value>
         <object_component_ref idref="oc-672"/>
      </symbol>
      <symbol id="sm-820">
         <name>__mspabi_srll_13</name>
         <value>0x12c36</value>
         <object_component_ref idref="oc-672"/>
      </symbol>
      <symbol id="sm-821">
         <name>__mspabi_srll_12</name>
         <value>0x12c3a</value>
         <object_component_ref idref="oc-672"/>
      </symbol>
      <symbol id="sm-822">
         <name>__mspabi_srll_11</name>
         <value>0x12c3e</value>
         <object_component_ref idref="oc-672"/>
      </symbol>
      <symbol id="sm-823">
         <name>__mspabi_srll_10</name>
         <value>0x12c42</value>
         <object_component_ref idref="oc-672"/>
      </symbol>
      <symbol id="sm-824">
         <name>__mspabi_srll</name>
         <value>0x13036</value>
         <object_component_ref idref="oc-688"/>
      </symbol>
      <symbol id="sm-838">
         <name>memcpy</name>
         <value>0x12fce</value>
         <object_component_ref idref="oc-397"/>
      </symbol>
      <symbol id="sm-846">
         <name>memset</name>
         <value>0x12fa2</value>
         <object_component_ref idref="oc-5d4"/>
      </symbol>
      <symbol id="sm-867">
         <name>__mspabi_mpyd</name>
         <value>0x115fc</value>
         <object_component_ref idref="oc-4c3"/>
      </symbol>
      <symbol id="sm-871">
         <name>__mspabi_mpyi_f5hw</name>
         <value>0x12f8a</value>
         <object_component_ref idref="oc-523"/>
      </symbol>
      <symbol id="sm-87a">
         <name>__mspabi_mpyl_f5hw</name>
         <value>0x12f26</value>
         <object_component_ref idref="oc-677"/>
      </symbol>
      <symbol id="sm-884">
         <name>_system_pre_init</name>
         <value>0x13070</value>
         <object_component_ref idref="oc-3e1"/>
      </symbol>
      <symbol id="sm-898">
         <name>__TI_renormd</name>
         <value>0x122aa</value>
         <object_component_ref idref="oc-692"/>
      </symbol>
      <symbol id="sm-8aa">
         <name>__mspabi_sral</name>
         <value>0x13016</value>
         <object_component_ref idref="oc-68d"/>
      </symbol>
      <symbol id="sm-8ab">
         <name>__mspabi_sral_15</name>
         <value>0x12bb2</value>
         <object_component_ref idref="oc-5e1"/>
      </symbol>
      <symbol id="sm-8ac">
         <name>__mspabi_sral_14</name>
         <value>0x12bb6</value>
         <object_component_ref idref="oc-5e1"/>
      </symbol>
      <symbol id="sm-8ad">
         <name>__mspabi_sral_13</name>
         <value>0x12bba</value>
         <object_component_ref idref="oc-5e1"/>
      </symbol>
      <symbol id="sm-8ae">
         <name>__mspabi_sral_12</name>
         <value>0x12bbe</value>
         <object_component_ref idref="oc-5e1"/>
      </symbol>
      <symbol id="sm-8af">
         <name>__mspabi_sral_11</name>
         <value>0x12bc2</value>
         <object_component_ref idref="oc-5e1"/>
      </symbol>
      <symbol id="sm-8b0">
         <name>__mspabi_sral_10</name>
         <value>0x12bc6</value>
         <object_component_ref idref="oc-5e1"/>
      </symbol>
      <symbol id="sm-8b1">
         <name>__mspabi_sral_8</name>
         <value>0x12bce</value>
         <object_component_ref idref="oc-5e1"/>
      </symbol>
      <symbol id="sm-8b2">
         <name>__mspabi_sral_9</name>
         <value>0x12bca</value>
         <object_component_ref idref="oc-5e1"/>
      </symbol>
      <symbol id="sm-8b3">
         <name>__mspabi_sral_6</name>
         <value>0x12bd6</value>
         <object_component_ref idref="oc-5e1"/>
      </symbol>
      <symbol id="sm-8b4">
         <name>__mspabi_sral_7</name>
         <value>0x12bd2</value>
         <object_component_ref idref="oc-5e1"/>
      </symbol>
      <symbol id="sm-8b5">
         <name>__mspabi_sral_4</name>
         <value>0x12bde</value>
         <object_component_ref idref="oc-5e1"/>
      </symbol>
      <symbol id="sm-8b6">
         <name>__mspabi_sral_5</name>
         <value>0x12bda</value>
         <object_component_ref idref="oc-5e1"/>
      </symbol>
      <symbol id="sm-8b7">
         <name>__mspabi_sral_2</name>
         <value>0x12be6</value>
         <object_component_ref idref="oc-5e1"/>
      </symbol>
      <symbol id="sm-8b8">
         <name>__mspabi_sral_3</name>
         <value>0x12be2</value>
         <object_component_ref idref="oc-5e1"/>
      </symbol>
      <symbol id="sm-8b9">
         <name>__mspabi_sral_1</name>
         <value>0x12bea</value>
         <object_component_ref idref="oc-5e1"/>
      </symbol>
      <symbol id="sm-8db">
         <name>_auto_init_hold_wdt</name>
         <value>0x12648</value>
         <object_component_ref idref="oc-3e7"/>
      </symbol>
      <symbol id="sm-8f1">
         <name>copy_in</name>
         <value>0x1294e</value>
         <object_component_ref idref="oc-443"/>
      </symbol>
      <symbol id="sm-902">
         <name>__TI_frcmpyd</name>
         <value>0x11040</value>
         <object_component_ref idref="oc-5ec"/>
      </symbol>
      <symbol id="sm-90c">
         <name>_system_post_cinit</name>
         <value>0x13074</value>
         <object_component_ref idref="oc-449"/>
      </symbol>
      <symbol id="sm-90e">
         <name>__TI_BINIT_Base</name>
         <value>0x0</value>
      </symbol>
      <symbol id="sm-90f">
         <name>__TI_BINIT_Limit</name>
         <value>0x0</value>
      </symbol>
      <symbol id="sm-910">
         <name>__TI_INITARRAY_Base</name>
         <value>0x0</value>
      </symbol>
      <symbol id="sm-911">
         <name>__TI_INITARRAY_Limit</name>
         <value>0x0</value>
      </symbol>
   </symbol_table>
   <title>Link successful</title>
</link_info>
